---
source: tests/code_root_sampling.rs
expression: out
---
   1: // synthetic large file to stress sampling heuristics
   2: const PLANETARY_REGISTRY = new Map();
   4: export function orchestrateCluster0() {
   5:   const ledger = [];
   6:   for (let lane = 0; lane < 5; lane++) {
   7:     const entry = describeLane(cluster, lane);
   8:     ledger.push(entry);
   9:   }
  10:   return ledger.join(' | ');
  11: }
  13: export function orchestrateCluster1() {
  14:   const ledger = [];
  15:   for (let lane = 0; lane < 5; lane++) {
  16:     const entry = describeLane(cluster, lane);
  17:     ledger.push(entry);
  18:   }
  19:   return ledger.join(' | ');
  20: }
  22: export function orchestrateCluster2() {
  23:   const ledger = [];
  24:   for (let lane = 0; lane < 5; lane++) {
  25:     const entry = describeLane(cluster, lane);
  26:     ledger.push(entry);
  27:   }
  28:   return ledger.join(' | ');
  29: }
  31: export function orchestrateCluster3() {
  32:   const ledger = [];
  33:   for (let lane = 0; lane < 5; lane++) {
  34:     const entry = describeLane(cluster, lane);
  35:     ledger.push(entry);
  36:   }
  37:   return ledger.join(' | ');
  38: }
  40: export function orchestrateCluster4() {
  41:   const ledger = [];
  42:   for (let lane = 0; lane < 5; lane++) {
  43:     const entry = describeLane(cluster, lane);
  44:     ledger.push(entry);
  45:   }
  46:   return ledger.join(' | ');
  47: }
  49: export function orchestrateCluster5() {
  50:   const ledger = [];
  51:   for (let lane = 0; lane < 5; lane++) {
  52:     const entry = describeLane(cluster, lane);
  53:     ledger.push(entry);
  54:   }
  55:   return ledger.join(' | ');
  56: }
  58: export function orchestrateCluster6() {
  59:   const ledger = [];
  60:   for (let lane = 0; lane < 5; lane++) {
  61:     const entry = describeLane(cluster, lane);
  62:     ledger.push(entry);
  63:   }
  64:   return ledger.join(' | ');
  65: }
  67: export function orchestrateCluster7() {
  68:   const ledger = [];
  69:   for (let lane = 0; lane < 5; lane++) {
  70:     const entry = describeLane(cluster, lane);
  71:     ledger.push(entry);
  72:   }
  73:   return ledger.join(' | ');
  74: }
  76: export function orchestrateCluster8() {
  77:   const ledger = [];
  78:   for (let lane = 0; lane < 5; lane++) {
  79:     const entry = describeLane(cluster, lane);
  80:     ledger.push(entry);
  81:   }
  82:   return ledger.join(' | ');
  83: }
  85: export function orchestrateCluster9() {
  86:   const ledger = [];
  87:   for (let lane = 0; lane < 5; lane++) {
  88:     const entry = describeLane(cluster, lane);
  89:     ledger.push(entry);
  90:   }
  91:   return ledger.join(' | ');
  92: }
  94: export function orchestrateCluster10() {
  95:   const ledger = [];
  96:   for (let lane = 0; lane < 5; lane++) {
  97:     const entry = describeLane(cluster, lane);
  98:     ledger.push(entry);
  99:   }
 100:   return ledger.join(' | ');
 101: }
 103: export function orchestrateCluster11() {
 104:   const ledger = [];
 105:   for (let lane = 0; lane < 5; lane++) {
 106:     const entry = describeLane(cluster, lane);
 107:     ledger.push(entry);
 108:   }
 109:   return ledger.join(' | ');
 110: }
 112: function describeLane(cluster, lane) {
 113:   const pulses = [];
 114:   for (let pulse = 0; pulse < 4; pulse++) {
 115:     pulses.push(renderPulse(cluster, lane, pulse));
 116:   }
 117:   return pulses.join(', ');
 118: }
 120: function renderPulse(cluster, lane, pulse) {
 121:   const report = [];
 122:   report.push(`cluster:${cluster}`);
 123:   report.push(`lane:${lane}`);
 124:   report.push(`pulse:${pulse}`);
 125:   for (let depth = 0; depth < 3; depth++) {
 126:     report.push(detailSegment(cluster, lane, pulse, depth));
 127:   }
 128:   return report.join(' -> ');
 129: }
 131: function detailSegment(cluster, lane, pulse, depth) {
 132:   const marker = `${cluster}-${lane}-${pulse}-${depth}`;
 133:   if (!PLANETARY_REGISTRY.has(marker)) {
 134:     PLANETARY_REGISTRY.set(marker, []);
 135:   }
 136:   const bucket = PLANETARY_REGISTRY.get(marker);
 137:   bucket.push({
 138:     stamp: Date.now(),
 139:     status: depth % 2 === 0 ? 'stable' : 'transient',
 140:     payload: new Array(3).fill(marker).join('/')
 141:   });
 142:   switch (depth) {
 143:     case 0:
 144:       return `anchor-${marker}`;
 145:     case 1:
 146:       return `echo-${marker}`;
 147:     default:
 148:       return `tail-${marker}`;
 149:   }
 150: }
 152: function describeLane(cluster, lane) {
 153:   const pulses = [];
 154:   for (let pulse = 0; pulse < 4; pulse++) {
 155:     pulses.push(renderPulse(cluster, lane, pulse));
 156:   }
 157:   return pulses.join(', ');
 158: }
 160: function renderPulse(cluster, lane, pulse) {
 161:   const report = [];
 162:   report.push(`cluster:${cluster}`);
 163:   report.push(`lane:${lane}`);
 164:   report.push(`pulse:${pulse}`);
 165:   for (let depth = 0; depth < 3; depth++) {
 166:     report.push(detailSegment(cluster, lane, pulse, depth));
 167:   }
 168:   return report.join(' -> ');
 169: }
 171: function detailSegment(cluster, lane, pulse, depth) {
 172:   const marker = `${cluster}-${lane}-${pulse}-${depth}`;
 173:   if (!PLANETARY_REGISTRY.has(marker)) {
 174:     PLANETARY_REGISTRY.set(marker, []);
 175:   }
 176:   const bucket = PLANETARY_REGISTRY.get(marker);
 177:   bucket.push({
 178:     stamp: Date.now(),
 179:     status: depth % 2 === 0 ? 'stable' : 'transient',
 180:     payload: new Array(3).fill(marker).join('/')
 181:   });
 182:   switch (depth) {
 183:     case 0:
 184:       return `anchor-${marker}`;
 185:     case 1:
 186:       return `echo-${marker}`;
 187:     default:
 188:       return `tail-${marker}`;
 189:   }
 190: }
 192: function describeLane(cluster, lane) {
 193:   const pulses = [];
 194:   for (let pulse = 0; pulse < 4; pulse++) {
 195:     pulses.push(renderPulse(cluster, lane, pulse));
 196:   }
 197:   return pulses.join(', ');
 198: }
 200: function renderPulse(cluster, lane, pulse) {
 201:   const report = [];
 202:   report.push(`cluster:${cluster}`);
 203:   report.push(`lane:${lane}`);
 204:   report.push(`pulse:${pulse}`);
 205:   for (let depth = 0; depth < 3; depth++) {
 206:     report.push(detailSegment(cluster, lane, pulse, depth));
 207:   }
 208:   return report.join(' -> ');
 209: }
 211: function detailSegment(cluster, lane, pulse, depth) {
 212:   const marker = `${cluster}-${lane}-${pulse}-${depth}`;
 213:   if (!PLANETARY_REGISTRY.has(marker)) {
 214:     PLANETARY_REGISTRY.set(marker, []);
 215:   }
 216:   const bucket = PLANETARY_REGISTRY.get(marker);
 217:   bucket.push({
 218:     stamp: Date.now(),
 219:     status: depth % 2 === 0 ? 'stable' : 'transient',
 220:     payload: new Array(3).fill(marker).join('/')
 221:   });
 222:   switch (depth) {
 223:     case 0:
 224:       return `anchor-${marker}`;
 225:     case 1:
 226:       return `echo-${marker}`;
 227:     default:
 228:       return `tail-${marker}`;
 229:   }
 230: }
 232: function describeLane(cluster, lane) {
 233:   const pulses = [];
 234:   for (let pulse = 0; pulse < 4; pulse++) {
 235:     pulses.push(renderPulse(cluster, lane, pulse));
 236:   }
 237:   return pulses.join(', ');
 238: }
 240: function renderPulse(cluster, lane, pulse) {
 241:   const report = [];
 242:   report.push(`cluster:${cluster}`);
 243:   report.push(`lane:${lane}`);
 244:   report.push(`pulse:${pulse}`);
 245:   for (let depth = 0; depth < 3; depth++) {
 246:     report.push(detailSegment(cluster, lane, pulse, depth));
 247:   }
 248:   return report.join(' -> ');
 249: }
 251: function detailSegment(cluster, lane, pulse, depth) {
 252:   const marker = `${cluster}-${lane}-${pulse}-${depth}`;
 253:   if (!PLANETARY_REGISTRY.has(marker)) {
 254:     PLANETARY_REGISTRY.set(marker, []);
 255:   }
 256:   const bucket = PLANETARY_REGISTRY.get(marker);
 257:   bucket.push({
 258:     stamp: Date.now(),
 259:     status: depth % 2 === 0 ? 'stable' : 'transient',
 260:     payload: new Array(3).fill(marker).join('/')
 261:   });
 262:   switch (depth) {
 263:     case 0:
 264:       return `anchor-${marker}`;
 265:     case 1:
 266:       return `echo-${marker}`;
 267:     default:
 268:       return `tail-${marker}`;
 269:   }
 270: }
 272: function describeLane(cluster, lane) {
 273:   const pulses = [];
 274:   for (let pulse = 0; pulse < 4; pulse++) {
 275:     pulses.push(renderPulse(cluster, lane, pulse));
 276:   }
 277:   return pulses.join(', ');
 278: }
 280: function renderPulse(cluster, lane, pulse) {
 281:   const report = [];
 282:   report.push(`cluster:${cluster}`);
 283:   report.push(`lane:${lane}`);
 284:   report.push(`pulse:${pulse}`);
 285:   for (let depth = 0; depth < 3; depth++) {
 286:     report.push(detailSegment(cluster, lane, pulse, depth));
 287:   }
 288:   return report.join(' -> ');
 289: }
 291: function detailSegment(cluster, lane, pulse, depth) {
 292:   const marker = `${cluster}-${lane}-${pulse}-${depth}`;
 293:   if (!PLANETARY_REGISTRY.has(marker)) {
 294:     PLANETARY_REGISTRY.set(marker, []);
 295:   }
 296:   const bucket = PLANETARY_REGISTRY.get(marker);
 297:   bucket.push({
 298:     stamp: Date.now(),
 299:     status: depth % 2 === 0 ? 'stable' : 'transient',
 300:     payload: new Array(3).fill(marker).join('/')
 301:   });
 302:   switch (depth) {
 303:     case 0:
 304:       return `anchor-${marker}`;
 305:     case 1:
 306:       return `echo-${marker}`;
 307:     default:
 308:       return `tail-${marker}`;
 309:   }
 310: }
 312: function describeLane(cluster, lane) {
 313:   const pulses = [];
 314:   for (let pulse = 0; pulse < 4; pulse++) {
 315:     pulses.push(renderPulse(cluster, lane, pulse));
 316:   }
 317:   return pulses.join(', ');
 318: }
 320: function renderPulse(cluster, lane, pulse) {
 321:   const report = [];
 322:   report.push(`cluster:${cluster}`);
 323:   report.push(`lane:${lane}`);
 324:   report.push(`pulse:${pulse}`);
 325:   for (let depth = 0; depth < 3; depth++) {
 326:     report.push(detailSegment(cluster, lane, pulse, depth));
 327:   }
 328:   return report.join(' -> ');
 329: }
 331: function detailSegment(cluster, lane, pulse, depth) {
 332:   const marker = `${cluster}-${lane}-${pulse}-${depth}`;
 333:   if (!PLANETARY_REGISTRY.has(marker)) {
 334:     PLANETARY_REGISTRY.set(marker, []);
 335:   }
 336:   const bucket = PLANETARY_REGISTRY.get(marker);
 337:   bucket.push({
 338:     stamp: Date.now(),
 339:     status: depth % 2 === 0 ? 'stable' : 'transient',
 340:     payload: new Array(3).fill(marker).join('/')
 341:   });
 342:   switch (depth) {
 343:     case 0:
 344:       return `anchor-${marker}`;
 345:     case 1:
 346:       return `echo-${marker}`;
 347:     default:
 348:       return `tail-${marker}`;
 349:   }
 350: }
 352: function describeLane(cluster, lane) {
 353:   const pulses = [];
 354:   for (let pulse = 0; pulse < 4; pulse++) {
 355:     pulses.push(renderPulse(cluster, lane, pulse));
 356:   }
 357:   return pulses.join(', ');
 358: }
 360: function renderPulse(cluster, lane, pulse) {
 361:   const report = [];
 362:   report.push(`cluster:${cluster}`);
 363:   report.push(`lane:${lane}`);
 364:   report.push(`pulse:${pulse}`);
 365:   for (let depth = 0; depth < 3; depth++) {
 366:     report.push(detailSegment(cluster, lane, pulse, depth));
 367:   }
 368:   return report.join(' -> ');
 369: }
 371: function detailSegment(cluster, lane, pulse, depth) {
 372:   const marker = `${cluster}-${lane}-${pulse}-${depth}`;
 373:   if (!PLANETARY_REGISTRY.has(marker)) {
 374:     PLANETARY_REGISTRY.set(marker, []);
 375:   }
 376:   const bucket = PLANETARY_REGISTRY.get(marker);
 377:   bucket.push({
 378:     stamp: Date.now(),
 379:     status: depth % 2 === 0 ? 'stable' : 'transient',
 380:     payload: new Array(3).fill(marker).join('/')
 381:   });
 382:   switch (depth) {
 383:     case 0:
 384:       return `anchor-${marker}`;
 385:     case 1:
 386:       return `echo-${marker}`;
 387:     default:
 388:       return `tail-${marker}`;
 389:   }
 390: }
 392: function describeLane(cluster, lane) {
 393:   const pulses = [];
 394:   for (let pulse = 0; pulse < 4; pulse++) {
 395:     pulses.push(renderPulse(cluster, lane, pulse));
 396:   }
 397:   return pulses.join(', ');
 398: }
 400: function renderPulse(cluster, lane, pulse) {
 401:   const report = [];
 402:   report.push(`cluster:${cluster}`);
 403:   report.push(`lane:${lane}`);
 404:   report.push(`pulse:${pulse}`);
 405:   for (let depth = 0; depth < 3; depth++) {
 406:     report.push(detailSegment(cluster, lane, pulse, depth));
 407:   }
 408:   return report.join(' -> ');
 409: }
 411: function detailSegment(cluster, lane, pulse, depth) {
 412:   const marker = `${cluster}-${lane}-${pulse}-${depth}`;
 413:   if (!PLANETARY_REGISTRY.has(marker)) {
 414:     PLANETARY_REGISTRY.set(marker, []);
 415:   }
 416:   const bucket = PLANETARY_REGISTRY.get(marker);
 417:   bucket.push({
 418:     stamp: Date.now(),
 419:     status: depth % 2 === 0 ? 'stable' : 'transient',
 420:     payload: new Array(3).fill(marker).join('/')
 421:   });
 422:   switch (depth) {
 423:     case 0:
 424:       return `anchor-${marker}`;
 425:     case 1:
 426:       return `echo-${marker}`;
 427:     default:
 428:       return `tail-${marker}`;
 429:   }
 430: }
 432: function describeLane(cluster, lane) {
 433:   const pulses = [];
 434:   for (let pulse = 0; pulse < 4; pulse++) {
 435:     pulses.push(renderPulse(cluster, lane, pulse));
 436:   }
 437:   return pulses.join(', ');
 438: }
 440: function renderPulse(cluster, lane, pulse) {
 441:   const report = [];
 442:   report.push(`cluster:${cluster}`);
 443:   report.push(`lane:${lane}`);
 444:   report.push(`pulse:${pulse}`);
 445:   for (let depth = 0; depth < 3; depth++) {
 446:     report.push(detailSegment(cluster, lane, pulse, depth));
 447:   }
 448:   return report.join(' -> ');
 449: }
 451: function detailSegment(cluster, lane, pulse, depth) {
 452:   const marker = `${cluster}-${lane}-${pulse}-${depth}`;
 453:   if (!PLANETARY_REGISTRY.has(marker)) {
 454:     PLANETARY_REGISTRY.set(marker, []);
 455:   }
 456:   const bucket = PLANETARY_REGISTRY.get(marker);
 457:   bucket.push({
 458:     stamp: Date.now(),
 459:     status: depth % 2 === 0 ? 'stable' : 'transient',
 460:     payload: new Array(3).fill(marker).join('/')
 461:   });
 462:   switch (depth) {
 463:     case 0:
 464:       return `anchor-${marker}`;
 465:     case 1:
 466:       return `echo-${marker}`;
 467:     default:
 468:       return `tail-${marker}`;
 469:   }
 470: }
 472: function describeLane(cluster, lane) {
 473:   const pulses = [];
 474:   for (let pulse = 0; pulse < 4; pulse++) {
 475:     pulses.push(renderPulse(cluster, lane, pulse));
 476:   }
 477:   return pulses.join(', ');
 478: }
 480: function renderPulse(cluster, lane, pulse) {
 481:   const report = [];
 482:   report.push(`cluster:${cluster}`);
 483:   report.push(`lane:${lane}`);
 484:   report.push(`pulse:${pulse}`);
 485:   for (let depth = 0; depth < 3; depth++) {
 486:     report.push(detailSegment(cluster, lane, pulse, depth));
 487:   }
 488:   return report.join(' -> ');
 489: }
 491: function detailSegment(cluster, lane, pulse, depth) {
 492:   const marker = `${cluster}-${lane}-${pulse}-${depth}`;
 493:   if (!PLANETARY_REGISTRY.has(marker)) {
 494:     PLANETARY_REGISTRY.set(marker, []);
 495:   }
 496:   const bucket = PLANETARY_REGISTRY.get(marker);
 497:   bucket.push({
 498:     stamp: Date.now(),
 499:     status: depth % 2 === 0 ? 'stable' : 'transient',
 500:     payload: new Array(3).fill(marker).join('/')
 501:   });
 502:   switch (depth) {
 503:     case 0:
 504:       return `anchor-${marker}`;
 505:     case 1:
 506:       return `echo-${marker}`;
 507:     default:
 508:       return `tail-${marker}`;
 509:   }
 510: }
 512: function describeLane(cluster, lane) {
 513:   const pulses = [];
 514:   for (let pulse = 0; pulse < 4; pulse++) {
 515:     pulses.push(renderPulse(cluster, lane, pulse));
 516:   }
 517:   return pulses.join(', ');
 518: }
 520: function renderPulse(cluster, lane, pulse) {
 521:   const report = [];
 522:   report.push(`cluster:${cluster}`);
 523:   report.push(`lane:${lane}`);
 524:   report.push(`pulse:${pulse}`);
 525:   for (let depth = 0; depth < 3; depth++) {
 526:     report.push(detailSegment(cluster, lane, pulse, depth));
 527:   }
 528:   return report.join(' -> ');
 529: }
 531: function detailSegment(cluster, lane, pulse, depth) {
 532:   const marker = `${cluster}-${lane}-${pulse}-${depth}`;
 533:   if (!PLANETARY_REGISTRY.has(marker)) {
 534:     PLANETARY_REGISTRY.set(marker, []);
 535:   }
 536:   const bucket = PLANETARY_REGISTRY.get(marker);
 537:   bucket.push({
 538:     stamp: Date.now(),
 539:     status: depth % 2 === 0 ? 'stable' : 'transient',
 540:     payload: new Array(3).fill(marker).join('/')
 541:   });
 542:   switch (depth) {
 543:     case 0:
 544:       return `anchor-${marker}`;
 545:     case 1:
 546:       return `echo-${marker}`;
 547:     default:
 548:       return `tail-${marker}`;
 549:   }
 550: }
 552: function describeLane(cluster, lane) {
 553:   const pulses = [];
 554:   for (let pulse = 0; pulse < 4; pulse++) {
 555:     pulses.push(renderPulse(cluster, lane, pulse));
 556:   }
 557:   return pulses.join(', ');
 558: }
 560: function renderPulse(cluster, lane, pulse) {
 561:   const report = [];
 562:   report.push(`cluster:${cluster}`);
 563:   report.push(`lane:${lane}`);
 564:   report.push(`pulse:${pulse}`);
 565:   for (let depth = 0; depth < 3; depth++) {
 566:     report.push(detailSegment(cluster, lane, pulse, depth));
 567:   }
 568:   return report.join(' -> ');
 569: }
 571: function detailSegment(cluster, lane, pulse, depth) {
 572:   const marker = `${cluster}-${lane}-${pulse}-${depth}`;
 573:   if (!PLANETARY_REGISTRY.has(marker)) {
 574:     PLANETARY_REGISTRY.set(marker, []);
 575:   }
 576:   const bucket = PLANETARY_REGISTRY.get(marker);
 577:   bucket.push({
 578:     stamp: Date.now(),
 579:     status: depth % 2 === 0 ? 'stable' : 'transient',
 580:     payload: new Array(3).fill(marker).join('/')
 581:   });
 582:   switch (depth) {
 583:     case 0:
 584:       return `anchor-${marker}`;
 585:     case 1:
 586:       return `echo-${marker}`;
 587:     default:
 588:       return `tail-${marker}`;
 589:   }
 590: }
 592: function describeLane(cluster, lane) {
 593:   const pulses = [];
 594:   for (let pulse = 0; pulse < 4; pulse++) {
 595:     pulses.push(renderPulse(cluster, lane, pulse));
 596:   }
 597:   return pulses.join(', ');
 598: }
 600: function renderPulse(cluster, lane, pulse) {
 601:   const report = [];
 602:   report.push(`cluster:${cluster}`);
 603:   report.push(`lane:${lane}`);
 604:   report.push(`pulse:${pulse}`);
 605:   for (let depth = 0; depth < 3; depth++) {
 606:     report.push(detailSegment(cluster, lane, pulse, depth));
 607:   }
 608:   return report.join(' -> ');
 609: }
 611: function detailSegment(cluster, lane, pulse, depth) {
 612:   const marker = `${cluster}-${lane}-${pulse}-${depth}`;
 613:   if (!PLANETARY_REGISTRY.has(marker)) {
 614:     PLANETARY_REGISTRY.set(marker, []);
 615:   }
 616:   const bucket = PLANETARY_REGISTRY.get(marker);
 617:   bucket.push({
 618:     stamp: Date.now(),
 619:     status: depth % 2 === 0 ? 'stable' : 'transient',
 620:     payload: new Array(3).fill(marker).join('/')
 621:   });
 622:   switch (depth) {
 623:     case 0:
 624:       return `anchor-${marker}`;
 625:     case 1:
 626:       return `echo-${marker}`;
 627:     default:
 628:       return `tail-${marker}`;
 629:   }
 630: }
 632: function describeLane(cluster, lane) {
 633:   const pulses = [];
 634:   for (let pulse = 0; pulse < 4; pulse++) {
 635:     pulses.push(renderPulse(cluster, lane, pulse));
 636:   }
 637:   return pulses.join(', ');
 638: }
 640: function renderPulse(cluster, lane, pulse) {
 641:   const report = [];
 642:   report.push(`cluster:${cluster}`);
 643:   report.push(`lane:${lane}`);
 644:   report.push(`pulse:${pulse}`);
 645:   for (let depth = 0; depth < 3; depth++) {
 646:     report.push(detailSegment(cluster, lane, pulse, depth));
 647:   }
 648:   return report.join(' -> ');
 649: }
 651: function detailSegment(cluster, lane, pulse, depth) {
 652:   const marker = `${cluster}-${lane}-${pulse}-${depth}`;
 653:   if (!PLANETARY_REGISTRY.has(marker)) {
 654:     PLANETARY_REGISTRY.set(marker, []);
 655:   }
 656:   const bucket = PLANETARY_REGISTRY.get(marker);
 657:   bucket.push({
 658:     stamp: Date.now(),
 659:     status: depth % 2 === 0 ? 'stable' : 'transient',
 660:     payload: new Array(3).fill(marker).join('/')
 661:   });
 662:   switch (depth) {
 663:     case 0:
 664:       return `anchor-${marker}`;
 665:     case 1:
 666:       return `echo-${marker}`;
 667:     default:
 668:       return `tail-${marker}`;
 669:   }
 670: }
 672: function describeLane(cluster, lane) {
 673:   const pulses = [];
 674:   for (let pulse = 0; pulse < 4; pulse++) {
 675:     pulses.push(renderPulse(cluster, lane, pulse));
 676:   }
 677:   return pulses.join(', ');
 678: }
 680: function renderPulse(cluster, lane, pulse) {
 681:   const report = [];
 682:   report.push(`cluster:${cluster}`);
 683:   report.push(`lane:${lane}`);
 684:   report.push(`pulse:${pulse}`);
 685:   for (let depth = 0; depth < 3; depth++) {
 686:     report.push(detailSegment(cluster, lane, pulse, depth));
 687:   }
 688:   return report.join(' -> ');
 689: }
 691: function detailSegment(cluster, lane, pulse, depth) {
 692:   const marker = `${cluster}-${lane}-${pulse}-${depth}`;
 693:   if (!PLANETARY_REGISTRY.has(marker)) {
 694:     PLANETARY_REGISTRY.set(marker, []);
 695:   }
 696:   const bucket = PLANETARY_REGISTRY.get(marker);
 697:   bucket.push({
 698:     stamp: Date.now(),
 699:     status: depth % 2 === 0 ? 'stable' : 'transient',
 700:     payload: new Array(3).fill(marker).join('/')
 701:   });
 702:   switch (depth) {
 703:     case 0:
 704:       return `anchor-${marker}`;
 705:     case 1:
 706:       return `echo-${marker}`;
 707:     default:
 708:       return `tail-${marker}`;
 709:   }
 710: }
 712: function describeLane(cluster, lane) {
 713:   const pulses = [];
 714:   for (let pulse = 0; pulse < 4; pulse++) {
 715:     pulses.push(renderPulse(cluster, lane, pulse));
 716:   }
 717:   return pulses.join(', ');
 718: }
 720: function renderPulse(cluster, lane, pulse) {
 721:   const report = [];
 722:   report.push(`cluster:${cluster}`);
 723:   report.push(`lane:${lane}`);
 724:   report.push(`pulse:${pulse}`);
 725:   for (let depth = 0; depth < 3; depth++) {
 726:     report.push(detailSegment(cluster, lane, pulse, depth));
 727:   }
 728:   return report.join(' -> ');
 729: }
 731: function detailSegment(cluster, lane, pulse, depth) {
 732:   const marker = `${cluster}-${lane}-${pulse}-${depth}`;
 733:   if (!PLANETARY_REGISTRY.has(marker)) {
 734:     PLANETARY_REGISTRY.set(marker, []);
 735:   }
 736:   const bucket = PLANETARY_REGISTRY.get(marker);
 737:   bucket.push({
 738:     stamp: Date.now(),
 739:     status: depth % 2 === 0 ? 'stable' : 'transient',
 740:     payload: new Array(3).fill(marker).join('/')
 741:   });
 742:   switch (depth) {
 743:     case 0:
 744:       return `anchor-${marker}`;
 745:     case 1:
 746:       return `echo-${marker}`;
 747:     default:
 748:       return `tail-${marker}`;
 749:   }
 750: }
 752: function describeLane(cluster, lane) {
 753:   const pulses = [];
 754:   for (let pulse = 0; pulse < 4; pulse++) {
 755:     pulses.push(renderPulse(cluster, lane, pulse));
 756:   }
 757:   return pulses.join(', ');
 758: }
 760: function renderPulse(cluster, lane, pulse) {
 761:   const report = [];
 762:   report.push(`cluster:${cluster}`);
 763:   report.push(`lane:${lane}`);
 764:   report.push(`pulse:${pulse}`);
 765:   for (let depth = 0; depth < 3; depth++) {
 766:     report.push(detailSegment(cluster, lane, pulse, depth));
 767:   }
 768:   return report.join(' -> ');
 769: }
 790: }
 798: }
 800: function renderPulse(cluster, lane, pulse) {
 801:   const report = [];
 802:   report.push(`cluster:${cluster}`);
 803:   report.push(`lane:${lane}`);
 804:   report.push(`pulse:${pulse}`);
 805:   for (let depth = 0; depth < 3; depth++) {
 806:     report.push(detailSegment(cluster, lane, pulse, depth));
 807:   }
 808:   return report.join(' -> ');
 840: function renderPulse(cluster, lane, pulse) {
 841:   const report = [];
 842:   report.push(`cluster:${cluster}`);
 843:   report.push(`lane:${lane}`);
 844:   report.push(`pulse:${pulse}`);
 845:   for (let depth = 0; depth < 3; depth++) {
 846:     report.push(detailSegment(cluster, lane, pulse, depth));
 847:   }
 848:   return report.join(' -> ');
 870: }
 889: }
 891: function detailSegment(cluster, lane, pulse, depth) {
 892:   const marker = `${cluster}-${lane}-${pulse}-${depth}`;
 893:   if (!PLANETARY_REGISTRY.has(marker)) {
 894:     PLANETARY_REGISTRY.set(marker, []);
 895:   }
 896:   const bucket = PLANETARY_REGISTRY.get(marker);
 897:   bucket.push({
 898:     stamp: Date.now(),
 899:     status: depth % 2 === 0 ? 'stable' : 'transient',
 900:     payload: new Array(3).fill(marker).join('/')
 901:   });
 902:   switch (depth) {
 903:     case 0:
 904:       return `anchor-${marker}`;
 905:     case 1:
 906:       return `echo-${marker}`;
 907:     default:
 908:       return `tail-${marker}`;
 909:   }
 912: function describeLane(cluster, lane) {
 913:   const pulses = [];
 914:   for (let pulse = 0; pulse < 4; pulse++) {
 915:     pulses.push(renderPulse(cluster, lane, pulse));
 916:   }
 917:   return pulses.join(', ');
 929: }
 952: function describeLane(cluster, lane) {
 953:   const pulses = [];
 954:   for (let pulse = 0; pulse < 4; pulse++) {
 955:     pulses.push(renderPulse(cluster, lane, pulse));
 956:   }
 957:   return pulses.join(', ');
 958: }
 960: function renderPulse(cluster, lane, pulse) {
 961:   const report = [];
 962:   report.push(`cluster:${cluster}`);
 963:   report.push(`lane:${lane}`);
 964:   report.push(`pulse:${pulse}`);
 965:   for (let depth = 0; depth < 3; depth++) {
 966:     report.push(detailSegment(cluster, lane, pulse, depth));
 967:   }
 968:   return report.join(' -> ');
 969: }
 990: }
 992: function describeLane(cluster, lane) {
 993:   const pulses = [];
 994:   for (let pulse = 0; pulse < 4; pulse++) {
 995:     pulses.push(renderPulse(cluster, lane, pulse));
 996:   }
 997:   return pulses.join(', ');
 998: }
1009: }
1011: function detailSegment(cluster, lane, pulse, depth) {
1012:   const marker = `${cluster}-${lane}-${pulse}-${depth}`;
1013:   if (!PLANETARY_REGISTRY.has(marker)) {
1014:     PLANETARY_REGISTRY.set(marker, []);
1015:   }
1016:   const bucket = PLANETARY_REGISTRY.get(marker);
1017:   bucket.push({
1018:     stamp: Date.now(),
1019:     status: depth % 2 === 0 ? 'stable' : 'transient',
1020:     payload: new Array(3).fill(marker).join('/')
1021:   });
1022:   switch (depth) {
1023:     case 0:
1024:       return `anchor-${marker}`;
1025:     case 1:
1026:       return `echo-${marker}`;
1027:     default:
1028:       return `tail-${marker}`;
1029:   }
1040: function renderPulse(cluster, lane, pulse) {
1041:   const report = [];
1042:   report.push(`cluster:${cluster}`);
1043:   report.push(`lane:${lane}`);
1044:   report.push(`pulse:${pulse}`);
1045:   for (let depth = 0; depth < 3; depth++) {
1046:     report.push(detailSegment(cluster, lane, pulse, depth));
1047:   }
1048:   return report.join(' -> ');
1049: }
1051: function detailSegment(cluster, lane, pulse, depth) {
1052:   const marker = `${cluster}-${lane}-${pulse}-${depth}`;
1053:   if (!PLANETARY_REGISTRY.has(marker)) {
1054:     PLANETARY_REGISTRY.set(marker, []);
1055:   }
1056:   const bucket = PLANETARY_REGISTRY.get(marker);
1057:   bucket.push({
1058:     stamp: Date.now(),
1059:     status: depth % 2 === 0 ? 'stable' : 'transient',
1060:     payload: new Array(3).fill(marker).join('/')
1061:   });
1062:   switch (depth) {
1063:     case 0:
1064:       return `anchor-${marker}`;
1065:     case 1:
1066:       return `echo-${marker}`;
1067:     default:
1068:       return `tail-${marker}`;
1069:   }
1072: function describeLane(cluster, lane) {
1073:   const pulses = [];
1074:   for (let pulse = 0; pulse < 4; pulse++) {
1075:     pulses.push(renderPulse(cluster, lane, pulse));
1076:   }
1077:   return pulses.join(', ');
1112: function describeLane(cluster, lane) {
1113:   const pulses = [];
1114:   for (let pulse = 0; pulse < 4; pulse++) {
1115:     pulses.push(renderPulse(cluster, lane, pulse));
1116:   }
1117:   return pulses.join(', ');
1120: function renderPulse(cluster, lane, pulse) {
1121:   const report = [];
1122:   report.push(`cluster:${cluster}`);
1123:   report.push(`lane:${lane}`);
1124:   report.push(`pulse:${pulse}`);
1125:   for (let depth = 0; depth < 3; depth++) {
1126:     report.push(detailSegment(cluster, lane, pulse, depth));
1127:   }
1128:   return report.join(' -> ');
1129: }
1150: }
1190: }
1192: function describeLane(cluster, lane) {
1193:   const pulses = [];
1194:   for (let pulse = 0; pulse < 4; pulse++) {
1195:     pulses.push(renderPulse(cluster, lane, pulse));
1196:   }
1197:   return pulses.join(', ');
1198: }
1209: }
1238: }
1251: function detailSegment(cluster, lane, pulse, depth) {
1252:   const marker = `${cluster}-${lane}-${pulse}-${depth}`;
1253:   if (!PLANETARY_REGISTRY.has(marker)) {
1254:     PLANETARY_REGISTRY.set(marker, []);
1255:   }
1256:   const bucket = PLANETARY_REGISTRY.get(marker);
1257:   bucket.push({
1258:     stamp: Date.now(),
1259:     status: depth % 2 === 0 ? 'stable' : 'transient',
1260:     payload: new Array(3).fill(marker).join('/')
1261:   });
1262:   switch (depth) {
1263:     case 0:
1264:       return `anchor-${marker}`;
1265:     case 1:
1266:       return `echo-${marker}`;
1267:     default:
1268:       return `tail-${marker}`;
1269:   }
1272: function describeLane(cluster, lane) {
1273:   const pulses = [];
1274:   for (let pulse = 0; pulse < 4; pulse++) {
1275:     pulses.push(renderPulse(cluster, lane, pulse));
1276:   }
1277:   return pulses.join(', ');
1278: }
1291: function detailSegment(cluster, lane, pulse, depth) {
1292:   const marker = `${cluster}-${lane}-${pulse}-${depth}`;
1293:   if (!PLANETARY_REGISTRY.has(marker)) {
1294:     PLANETARY_REGISTRY.set(marker, []);
1295:   }
1296:   const bucket = PLANETARY_REGISTRY.get(marker);
1297:   bucket.push({
1298:     stamp: Date.now(),
1299:     status: depth % 2 === 0 ? 'stable' : 'transient',
1300:     payload: new Array(3).fill(marker).join('/')
1301:   });
1302:   switch (depth) {
1303:     case 0:
1304:       return `anchor-${marker}`;
1305:     case 1:
1306:       return `echo-${marker}`;
1307:     default:
1308:       return `tail-${marker}`;
1309:   }
1310: }
1320: function renderPulse(cluster, lane, pulse) {
1321:   const report = [];
1322:   report.push(`cluster:${cluster}`);
1323:   report.push(`lane:${lane}`);
1324:   report.push(`pulse:${pulse}`);
1325:   for (let depth = 0; depth < 3; depth++) {
1326:     report.push(detailSegment(cluster, lane, pulse, depth));
1327:   }
1328:   return report.join(' -> ');
1350: }
1352: function describeLane(cluster, lane) {
1353:   const pulses = [];
1354:   for (let pulse = 0; pulse < 4; pulse++) {
1355:     pulses.push(renderPulse(cluster, lane, pulse));
1356:   }
1357:   return pulses.join(', ');
1360: function renderPulse(cluster, lane, pulse) {
1361:   const report = [];
1362:   report.push(`cluster:${cluster}`);
1363:   report.push(`lane:${lane}`);
1364:   report.push(`pulse:${pulse}`);
1365:   for (let depth = 0; depth < 3; depth++) {
1366:     report.push(detailSegment(cluster, lane, pulse, depth));
1367:   }
1368:   return report.join(' -> ');
1369: }
1371: function detailSegment(cluster, lane, pulse, depth) {
1372:   const marker = `${cluster}-${lane}-${pulse}-${depth}`;
1373:   if (!PLANETARY_REGISTRY.has(marker)) {
1374:     PLANETARY_REGISTRY.set(marker, []);
1375:   }
1376:   const bucket = PLANETARY_REGISTRY.get(marker);
1377:   bucket.push({
1378:     stamp: Date.now(),
1379:     status: depth % 2 === 0 ? 'stable' : 'transient',
1380:     payload: new Array(3).fill(marker).join('/')
1381:   });
1382:   switch (depth) {
1383:     case 0:
1384:       return `anchor-${marker}`;
1385:     case 1:
1386:       return `echo-${marker}`;
1387:     default:
1388:       return `tail-${marker}`;
1389:   }
1390: }
1392: function describeLane(cluster, lane) {
1393:   const pulses = [];
1394:   for (let pulse = 0; pulse < 4; pulse++) {
1395:     pulses.push(renderPulse(cluster, lane, pulse));
1396:   }
1397:   return pulses.join(', ');
1398: }
1409: }
1411: function detailSegment(cluster, lane, pulse, depth) {
1412:   const marker = `${cluster}-${lane}-${pulse}-${depth}`;
1413:   if (!PLANETARY_REGISTRY.has(marker)) {
1414:     PLANETARY_REGISTRY.set(marker, []);
1415:   }
1416:   const bucket = PLANETARY_REGISTRY.get(marker);
1417:   bucket.push({
1418:     stamp: Date.now(),
1419:     status: depth % 2 === 0 ? 'stable' : 'transient',
1420:     payload: new Array(3).fill(marker).join('/')
1421:   });
1422:   switch (depth) {
1423:     case 0:
1424:       return `anchor-${marker}`;
1425:     case 1:
1426:       return `echo-${marker}`;
1427:     default:
1428:       return `tail-${marker}`;
1429:   }
1430: }
1432: function describeLane(cluster, lane) {
1433:   const pulses = [];
1434:   for (let pulse = 0; pulse < 4; pulse++) {
1435:     pulses.push(renderPulse(cluster, lane, pulse));
1436:   }
1437:   return pulses.join(', ');
1451: function detailSegment(cluster, lane, pulse, depth) {
1452:   const marker = `${cluster}-${lane}-${pulse}-${depth}`;
1453:   if (!PLANETARY_REGISTRY.has(marker)) {
1454:     PLANETARY_REGISTRY.set(marker, []);
1455:   }
1456:   const bucket = PLANETARY_REGISTRY.get(marker);
1457:   bucket.push({
1458:     stamp: Date.now(),
1459:     status: depth % 2 === 0 ? 'stable' : 'transient',
1460:     payload: new Array(3).fill(marker).join('/')
1461:   });
1462:   switch (depth) {
1463:     case 0:
1464:       return `anchor-${marker}`;
1465:     case 1:
1466:       return `echo-${marker}`;
1467:     default:
1468:       return `tail-${marker}`;
1469:   }
1478: }
1480: function renderPulse(cluster, lane, pulse) {
1481:   const report = [];
1482:   report.push(`cluster:${cluster}`);
1483:   report.push(`lane:${lane}`);
1484:   report.push(`pulse:${pulse}`);
1485:   for (let depth = 0; depth < 3; depth++) {
1486:     report.push(detailSegment(cluster, lane, pulse, depth));
1487:   }
1488:   return report.join(' -> ');
1489: }
1510: }
1518: }
1529: }
1531: function detailSegment(cluster, lane, pulse, depth) {
1532:   const marker = `${cluster}-${lane}-${pulse}-${depth}`;
1533:   if (!PLANETARY_REGISTRY.has(marker)) {
1534:     PLANETARY_REGISTRY.set(marker, []);
1535:   }
1536:   const bucket = PLANETARY_REGISTRY.get(marker);
1537:   bucket.push({
1538:     stamp: Date.now(),
1539:     status: depth % 2 === 0 ? 'stable' : 'transient',
1540:     payload: new Array(3).fill(marker).join('/')
1541:   });
1542:   switch (depth) {
1543:     case 0:
1544:       return `anchor-${marker}`;
1545:     case 1:
1546:       return `echo-${marker}`;
1547:     default:
1548:       return `tail-${marker}`;
1549:   }
1560: function renderPulse(cluster, lane, pulse) {
1561:   const report = [];
1562:   report.push(`cluster:${cluster}`);
1563:   report.push(`lane:${lane}`);
1564:   report.push(`pulse:${pulse}`);
1565:   for (let depth = 0; depth < 3; depth++) {
1566:     report.push(detailSegment(cluster, lane, pulse, depth));
1567:   }
1568:   return report.join(' -> ');
1571: function detailSegment(cluster, lane, pulse, depth) {
1572:   const marker = `${cluster}-${lane}-${pulse}-${depth}`;
1573:   if (!PLANETARY_REGISTRY.has(marker)) {
1574:     PLANETARY_REGISTRY.set(marker, []);
1575:   }
1576:   const bucket = PLANETARY_REGISTRY.get(marker);
1577:   bucket.push({
1578:     stamp: Date.now(),
1579:     status: depth % 2 === 0 ? 'stable' : 'transient',
1580:     payload: new Array(3).fill(marker).join('/')
1581:   });
1582:   switch (depth) {
1583:     case 0:
1584:       return `anchor-${marker}`;
1585:     case 1:
1586:       return `echo-${marker}`;
1587:     default:
1588:       return `tail-${marker}`;
1589:   }
1600: function renderPulse(cluster, lane, pulse) {
1601:   const report = [];
1602:   report.push(`cluster:${cluster}`);
1603:   report.push(`lane:${lane}`);
1604:   report.push(`pulse:${pulse}`);
1605:   for (let depth = 0; depth < 3; depth++) {
1606:     report.push(detailSegment(cluster, lane, pulse, depth));
1607:   }
1608:   return report.join(' -> ');
1611: function detailSegment(cluster, lane, pulse, depth) {
1612:   const marker = `${cluster}-${lane}-${pulse}-${depth}`;
1613:   if (!PLANETARY_REGISTRY.has(marker)) {
1614:     PLANETARY_REGISTRY.set(marker, []);
1615:   }
1616:   const bucket = PLANETARY_REGISTRY.get(marker);
1617:   bucket.push({
1618:     stamp: Date.now(),
1619:     status: depth % 2 === 0 ? 'stable' : 'transient',
1620:     payload: new Array(3).fill(marker).join('/')
1621:   });
1622:   switch (depth) {
1623:     case 0:
1624:       return `anchor-${marker}`;
1625:     case 1:
1626:       return `echo-${marker}`;
1627:     default:
1628:       return `tail-${marker}`;
1629:   }
1632: function describeLane(cluster, lane) {
1633:   const pulses = [];
1634:   for (let pulse = 0; pulse < 4; pulse++) {
1635:     pulses.push(renderPulse(cluster, lane, pulse));
1636:   }
1637:   return pulses.join(', ');
1640: function renderPulse(cluster, lane, pulse) {
1641:   const report = [];
1642:   report.push(`cluster:${cluster}`);
1643:   report.push(`lane:${lane}`);
1644:   report.push(`pulse:${pulse}`);
1645:   for (let depth = 0; depth < 3; depth++) {
1646:     report.push(detailSegment(cluster, lane, pulse, depth));
1647:   }
1648:   return report.join(' -> ');
1649: }
1651: function detailSegment(cluster, lane, pulse, depth) {
1652:   const marker = `${cluster}-${lane}-${pulse}-${depth}`;
1653:   if (!PLANETARY_REGISTRY.has(marker)) {
1654:     PLANETARY_REGISTRY.set(marker, []);
1655:   }
1656:   const bucket = PLANETARY_REGISTRY.get(marker);
1657:   bucket.push({
1658:     stamp: Date.now(),
1659:     status: depth % 2 === 0 ? 'stable' : 'transient',
1660:     payload: new Array(3).fill(marker).join('/')
1661:   });
1662:   switch (depth) {
1663:     case 0:
1664:       return `anchor-${marker}`;
1665:     case 1:
1666:       return `echo-${marker}`;
1667:     default:
1668:       return `tail-${marker}`;
1669:   }
1670: }
1672: function describeLane(cluster, lane) {
1673:   const pulses = [];
1674:   for (let pulse = 0; pulse < 4; pulse++) {
1675:     pulses.push(renderPulse(cluster, lane, pulse));
1676:   }
1677:   return pulses.join(', ');
1678: }
1689: }
1710: }
1750: }
1760: function renderPulse(cluster, lane, pulse) {
1761:   const report = [];
1762:   report.push(`cluster:${cluster}`);
1763:   report.push(`lane:${lane}`);
1764:   report.push(`pulse:${pulse}`);
1765:   for (let depth = 0; depth < 3; depth++) {
1766:     report.push(detailSegment(cluster, lane, pulse, depth));
1767:   }
1768:   return report.join(' -> ');
1771: function detailSegment(cluster, lane, pulse, depth) {
1772:   const marker = `${cluster}-${lane}-${pulse}-${depth}`;
1773:   if (!PLANETARY_REGISTRY.has(marker)) {
1774:     PLANETARY_REGISTRY.set(marker, []);
1775:   }
1776:   const bucket = PLANETARY_REGISTRY.get(marker);
1777:   bucket.push({
1778:     stamp: Date.now(),
1779:     status: depth % 2 === 0 ? 'stable' : 'transient',
1780:     payload: new Array(3).fill(marker).join('/')
1781:   });
1782:   switch (depth) {
1783:     case 0:
1784:       return `anchor-${marker}`;
1785:     case 1:
1786:       return `echo-${marker}`;
1787:     default:
1788:       return `tail-${marker}`;
1789:   }
1790: }
1809: }
1832: function describeLane(cluster, lane) {
1833:   const pulses = [];
1834:   for (let pulse = 0; pulse < 4; pulse++) {
1835:     pulses.push(renderPulse(cluster, lane, pulse));
1836:   }
1837:   return pulses.join(', ');
1838: }
1840: function renderPulse(cluster, lane, pulse) {
1841:   const report = [];
1842:   report.push(`cluster:${cluster}`);
1843:   report.push(`lane:${lane}`);
1844:   report.push(`pulse:${pulse}`);
1845:   for (let depth = 0; depth < 3; depth++) {
1846:     report.push(detailSegment(cluster, lane, pulse, depth));
1847:   }
1848:   return report.join(' -> ');
1849: }
1851: function detailSegment(cluster, lane, pulse, depth) {
1852:   const marker = `${cluster}-${lane}-${pulse}-${depth}`;
1853:   if (!PLANETARY_REGISTRY.has(marker)) {
1854:     PLANETARY_REGISTRY.set(marker, []);
1855:   }
1856:   const bucket = PLANETARY_REGISTRY.get(marker);
1857:   bucket.push({
1858:     stamp: Date.now(),
1859:     status: depth % 2 === 0 ? 'stable' : 'transient',
1860:     payload: new Array(3).fill(marker).join('/')
1861:   });
1862:   switch (depth) {
1863:     case 0:
1864:       return `anchor-${marker}`;
1865:     case 1:
1866:       return `echo-${marker}`;
1867:     default:
1868:       return `tail-${marker}`;
1869:   }
1870: }
1872: function describeLane(cluster, lane) {
1873:   const pulses = [];
1874:   for (let pulse = 0; pulse < 4; pulse++) {
1875:     pulses.push(renderPulse(cluster, lane, pulse));
1876:   }
1877:   return pulses.join(', ');
1880: function renderPulse(cluster, lane, pulse) {
1881:   const report = [];
1882:   report.push(`cluster:${cluster}`);
1883:   report.push(`lane:${lane}`);
1884:   report.push(`pulse:${pulse}`);
1885:   for (let depth = 0; depth < 3; depth++) {
1886:     report.push(detailSegment(cluster, lane, pulse, depth));
1887:   }
1888:   return report.join(' -> ');
1912: function describeLane(cluster, lane) {
1913:   const pulses = [];
1914:   for (let pulse = 0; pulse < 4; pulse++) {
1915:     pulses.push(renderPulse(cluster, lane, pulse));
1916:   }
1917:   return pulses.join(', ');
1918: }
1920: function renderPulse(cluster, lane, pulse) {
1921:   const report = [];
1922:   report.push(`cluster:${cluster}`);
1923:   report.push(`lane:${lane}`);
1924:   report.push(`pulse:${pulse}`);
1925:   for (let depth = 0; depth < 3; depth++) {
1926:     report.push(detailSegment(cluster, lane, pulse, depth));
1927:   }
1928:   return report.join(' -> ');
1931: function detailSegment(cluster, lane, pulse, depth) {
1932:   const marker = `${cluster}-${lane}-${pulse}-${depth}`;
1933:   if (!PLANETARY_REGISTRY.has(marker)) {
1934:     PLANETARY_REGISTRY.set(marker, []);
1935:   }
1936:   const bucket = PLANETARY_REGISTRY.get(marker);
1937:   bucket.push({
1938:     stamp: Date.now(),
1939:     status: depth % 2 === 0 ? 'stable' : 'transient',
1940:     payload: new Array(3).fill(marker).join('/')
1941:   });
1942:   switch (depth) {
1943:     case 0:
1944:       return `anchor-${marker}`;
1945:     case 1:
1946:       return `echo-${marker}`;
1947:     default:
1948:       return `tail-${marker}`;
1949:   }
1952: function describeLane(cluster, lane) {
1953:   const pulses = [];
1954:   for (let pulse = 0; pulse < 4; pulse++) {
1955:     pulses.push(renderPulse(cluster, lane, pulse));
1956:   }
1957:   return pulses.join(', ');
1960: function renderPulse(cluster, lane, pulse) {
1961:   const report = [];
1962:   report.push(`cluster:${cluster}`);
1963:   report.push(`lane:${lane}`);
1964:   report.push(`pulse:${pulse}`);
1965:   for (let depth = 0; depth < 3; depth++) {
1966:     report.push(detailSegment(cluster, lane, pulse, depth));
1967:   }
1968:   return report.join(' -> ');
1969: }
1992: function describeLane(cluster, lane) {
1993:   const pulses = [];
1994:   for (let pulse = 0; pulse < 4; pulse++) {
1995:     pulses.push(renderPulse(cluster, lane, pulse));
1996:   }
1997:   return pulses.join(', ');
1998: }
2009: }
2030: }
2040: function renderPulse(cluster, lane, pulse) {
2041:   const report = [];
2042:   report.push(`cluster:${cluster}`);
2043:   report.push(`lane:${lane}`);
2044:   report.push(`pulse:${pulse}`);
2045:   for (let depth = 0; depth < 3; depth++) {
2046:     report.push(detailSegment(cluster, lane, pulse, depth));
2047:   }
2048:   return report.join(' -> ');
2051: function detailSegment(cluster, lane, pulse, depth) {
2052:   const marker = `${cluster}-${lane}-${pulse}-${depth}`;
2053:   if (!PLANETARY_REGISTRY.has(marker)) {
2054:     PLANETARY_REGISTRY.set(marker, []);
2055:   }
2056:   const bucket = PLANETARY_REGISTRY.get(marker);
2057:   bucket.push({
2058:     stamp: Date.now(),
2059:     status: depth % 2 === 0 ? 'stable' : 'transient',
2060:     payload: new Array(3).fill(marker).join('/')
2061:   });
2062:   switch (depth) {
2063:     case 0:
2064:       return `anchor-${marker}`;
2065:     case 1:
2066:       return `echo-${marker}`;
2067:     default:
2068:       return `tail-${marker}`;
2069:   }
2072: function describeLane(cluster, lane) {
2073:   const pulses = [];
2074:   for (let pulse = 0; pulse < 4; pulse++) {
2075:     pulses.push(renderPulse(cluster, lane, pulse));
2076:   }
2077:   return pulses.join(', ');
2080: function renderPulse(cluster, lane, pulse) {
2081:   const report = [];
2082:   report.push(`cluster:${cluster}`);
2083:   report.push(`lane:${lane}`);
2084:   report.push(`pulse:${pulse}`);
2085:   for (let depth = 0; depth < 3; depth++) {
2086:     report.push(detailSegment(cluster, lane, pulse, depth));
2087:   }
2088:   return report.join(' -> ');
2091: function detailSegment(cluster, lane, pulse, depth) {
2092:   const marker = `${cluster}-${lane}-${pulse}-${depth}`;
2093:   if (!PLANETARY_REGISTRY.has(marker)) {
2094:     PLANETARY_REGISTRY.set(marker, []);
2095:   }
2096:   const bucket = PLANETARY_REGISTRY.get(marker);
2097:   bucket.push({
2098:     stamp: Date.now(),
2099:     status: depth % 2 === 0 ? 'stable' : 'transient',
2100:     payload: new Array(3).fill(marker).join('/')
2101:   });
2102:   switch (depth) {
2103:     case 0:
2104:       return `anchor-${marker}`;
2105:     case 1:
2106:       return `echo-${marker}`;
2107:     default:
2108:       return `tail-${marker}`;
2109:   }
2112: function describeLane(cluster, lane) {
2113:   const pulses = [];
2114:   for (let pulse = 0; pulse < 4; pulse++) {
2115:     pulses.push(renderPulse(cluster, lane, pulse));
2116:   }
2117:   return pulses.join(', ');
2118: }
2129: }
2131: function detailSegment(cluster, lane, pulse, depth) {
2132:   const marker = `${cluster}-${lane}-${pulse}-${depth}`;
2133:   if (!PLANETARY_REGISTRY.has(marker)) {
2134:     PLANETARY_REGISTRY.set(marker, []);
2135:   }
2136:   const bucket = PLANETARY_REGISTRY.get(marker);
2137:   bucket.push({
2138:     stamp: Date.now(),
2139:     status: depth % 2 === 0 ? 'stable' : 'transient',
2140:     payload: new Array(3).fill(marker).join('/')
2141:   });
2142:   switch (depth) {
2143:     case 0:
2144:       return `anchor-${marker}`;
2145:     case 1:
2146:       return `echo-${marker}`;
2147:     default:
2148:       return `tail-${marker}`;
2149:   }
2150: }
2158: }
2160: function renderPulse(cluster, lane, pulse) {
2161:   const report = [];
2162:   report.push(`cluster:${cluster}`);
2163:   report.push(`lane:${lane}`);
2164:   report.push(`pulse:${pulse}`);
2165:   for (let depth = 0; depth < 3; depth++) {
2166:     report.push(detailSegment(cluster, lane, pulse, depth));
2167:   }
2168:   return report.join(' -> ');
2190: }
2198: }
2200: function renderPulse(cluster, lane, pulse) {
2201:   const report = [];
2202:   report.push(`cluster:${cluster}`);
2203:   report.push(`lane:${lane}`);
2204:   report.push(`pulse:${pulse}`);
2205:   for (let depth = 0; depth < 3; depth++) {
2206:     report.push(detailSegment(cluster, lane, pulse, depth));
2207:   }
2208:   return report.join(' -> ');
2240: function renderPulse(cluster, lane, pulse) {
2241:   const report = [];
2242:   report.push(`cluster:${cluster}`);
2243:   report.push(`lane:${lane}`);
2244:   report.push(`pulse:${pulse}`);
2245:   for (let depth = 0; depth < 3; depth++) {
2246:     report.push(detailSegment(cluster, lane, pulse, depth));
2247:   }
2248:   return report.join(' -> ');
2249: }
2251: function detailSegment(cluster, lane, pulse, depth) {
2252:   const marker = `${cluster}-${lane}-${pulse}-${depth}`;
2253:   if (!PLANETARY_REGISTRY.has(marker)) {
2254:     PLANETARY_REGISTRY.set(marker, []);
2255:   }
2256:   const bucket = PLANETARY_REGISTRY.get(marker);
2257:   bucket.push({
2258:     stamp: Date.now(),
2259:     status: depth % 2 === 0 ? 'stable' : 'transient',
2260:     payload: new Array(3).fill(marker).join('/')
2261:   });
2262:   switch (depth) {
2263:     case 0:
2264:       return `anchor-${marker}`;
2265:     case 1:
2266:       return `echo-${marker}`;
2267:     default:
2268:       return `tail-${marker}`;
2269:   }
2270: }
2272: function describeLane(cluster, lane) {
2273:   const pulses = [];
2274:   for (let pulse = 0; pulse < 4; pulse++) {
2275:     pulses.push(renderPulse(cluster, lane, pulse));
2276:   }
2277:   return pulses.join(', ');
2289: }
2320: function renderPulse(cluster, lane, pulse) {
2321:   const report = [];
2322:   report.push(`cluster:${cluster}`);
2323:   report.push(`lane:${lane}`);
2324:   report.push(`pulse:${pulse}`);
2325:   for (let depth = 0; depth < 3; depth++) {
2326:     report.push(detailSegment(cluster, lane, pulse, depth));
2327:   }
2328:   return report.join(' -> ');
2331: function detailSegment(cluster, lane, pulse, depth) {
2332:   const marker = `${cluster}-${lane}-${pulse}-${depth}`;
2333:   if (!PLANETARY_REGISTRY.has(marker)) {
2334:     PLANETARY_REGISTRY.set(marker, []);
2335:   }
2336:   const bucket = PLANETARY_REGISTRY.get(marker);
2337:   bucket.push({
2338:     stamp: Date.now(),
2339:     status: depth % 2 === 0 ? 'stable' : 'transient',
2340:     payload: new Array(3).fill(marker).join('/')
2341:   });
2342:   switch (depth) {
2343:     case 0:
2344:       return `anchor-${marker}`;
2345:     case 1:
2346:       return `echo-${marker}`;
2347:     default:
2348:       return `tail-${marker}`;
2349:   }
2350: }
2352: function describeLane(cluster, lane) {
2353:   const pulses = [];
2354:   for (let pulse = 0; pulse < 4; pulse++) {
2355:     pulses.push(renderPulse(cluster, lane, pulse));
2356:   }
2357:   return pulses.join(', ');
2358: }
2360: function renderPulse(cluster, lane, pulse) {
2361:   const report = [];
2362:   report.push(`cluster:${cluster}`);
2363:   report.push(`lane:${lane}`);
2364:   report.push(`pulse:${pulse}`);
2365:   for (let depth = 0; depth < 3; depth++) {
2366:     report.push(detailSegment(cluster, lane, pulse, depth));
2367:   }
2368:   return report.join(' -> ');
2369: }
2371: function detailSegment(cluster, lane, pulse, depth) {
2372:   const marker = `${cluster}-${lane}-${pulse}-${depth}`;
2373:   if (!PLANETARY_REGISTRY.has(marker)) {
2374:     PLANETARY_REGISTRY.set(marker, []);
2375:   }
2376:   const bucket = PLANETARY_REGISTRY.get(marker);
2377:   bucket.push({
2378:     stamp: Date.now(),
2379:     status: depth % 2 === 0 ? 'stable' : 'transient',
2380:     payload: new Array(3).fill(marker).join('/')
2381:   });
2382:   switch (depth) {
2383:     case 0:
2384:       return `anchor-${marker}`;
2385:     case 1:
2386:       return `echo-${marker}`;
2387:     default:
2388:       return `tail-${marker}`;
2389:   }
2390: }
