---
source: tests/code_text_fallback_param.rs
expression: snap
---
STDOUT:
 1: public class Sample {
 2:     static void greet(String name) {
 4:     }
16:     }
28: }

DEBUG (normalized):
{
  "budgets_effective": {
    "bytes": 120,
    "chars": null,
    "lines": null
  },
  "counts": {
    "included": 0,
    "omitted_children": 5,
    "total_nodes": 0
  },
  "output_stats": {
    "bytes": 93,
    "chars": 0,
    "lines": 6
  },
  "renderer": {
    "array_sampler": "default",
    "prefer_tail_arrays": false,
    "style": "default",
    "template": "code"
  },
  "root": {
    "children": [
      {
        "children": [
          {
            "atomic_token": "public class Sample {",
            "id": 0,
            "index_in_parent_array": 0,
            "kind": "string",
            "metrics": {}
          },
          {
            "children": [
              {
                "atomic_token": "    static void greet(String name) {",
                "id": 0,
                "index_in_parent_array": 1,
                "kind": "string",
                "metrics": {}
              },
              {
                "id": 0,
                "index_in_parent_array": 2,
                "kind": "array",
                "metrics": {
                  "array_len": 1
                }
              }
            ],
            "id": 0,
            "index_in_parent_array": 1,
            "kind": "array",
            "metrics": {
              "array_len": 2
            },
            "omitted_before": 1
          },
          {
            "children": [
              {
                "atomic_token": "    }",
                "id": 0,
                "index_in_parent_array": 3,
                "kind": "string",
                "metrics": {}
              }
            ],
            "id": 0,
            "index_in_parent_array": 3,
            "kind": "array",
            "metrics": {
              "array_len": 1
            },
            "omitted_before": 3
          }
        ],
        "gaps": [
          {
            "before_child_index": 2,
            "omitted_count": 1
          }
        ],
        "id": 0,
        "index_in_parent_array": 0,
        "kind": "array",
        "metrics": {
          "array_len": 3
        }
      },
      {
        "children": [
          {
            "children": [
              {
                "atomic_token": "    }",
                "id": 0,
                "index_in_parent_array": 15,
                "kind": "string",
                "metrics": {}
              }
            ],
            "id": 0,
            "index_in_parent_array": 15,
            "kind": "array",
            "metrics": {
              "array_len": 1
            },
            "omitted_before": 15
          }
        ],
        "id": 0,
        "index_in_parent_array": 1,
        "kind": "array",
        "metrics": {
          "array_len": 3
        },
        "omitted_before": 15
      },
      {
        "children": [
          {
            "atomic_token": "}",
            "id": 0,
            "index_in_parent_array": 27,
            "kind": "string",
            "metrics": {}
          }
        ],
        "id": 0,
        "index_in_parent_array": 5,
        "kind": "array",
        "metrics": {
          "array_len": 1
        },
        "omitted_before": 27
      },
      {
        "id": 0,
        "index_in_parent_array": 6,
        "kind": "array",
        "metrics": {
          "array_len": 1
        }
      }
    ],
    "gaps": [
      {
        "before_child_index": 2,
        "omitted_count": 3
      }
    ],
    "id": 0,
    "kind": "array",
    "metrics": {
      "array_len": 7
    }
  },
  "selection": {
    "top_k": 14
  },
  "template": "code"
}
