---
source: tests/code_text_fallback_param.rs
expression: snap
---
STDOUT:
import React from 'react';
… 1 more lines …
… 3 more lines …
}
… 5 more lines …

… 8 more lines …

DEBUG (normalized):
{
  "budgets_effective": {
    "bytes": 120,
    "chars": null,
    "lines": null
  },
  "counts": {
    "included": 0,
    "omitted_children": 7,
    "total_nodes": 0
  },
  "output_stats": {
    "bytes": 114,
    "chars": 0,
    "lines": 8
  },
  "renderer": {
    "array_sampler": "default",
    "prefer_tail_arrays": false,
    "style": "detailed",
    "template": "text"
  },
  "root": {
    "children": [
      {
        "children": [
          {
            "atomic_token": "import React from 'react';",
            "id": 0,
            "index_in_parent_array": 0,
            "kind": "number",
            "metrics": {}
          }
        ],
        "id": 0,
        "index_in_parent_array": 0,
        "kind": "array",
        "metrics": {
          "array_len": 1
        }
      },
      {
        "id": 0,
        "index_in_parent_array": 1,
        "kind": "array",
        "metrics": {
          "array_len": 1
        }
      },
      {
        "id": 0,
        "index_in_parent_array": 4,
        "kind": "array",
        "metrics": {
          "array_len": 2
        }
      },
      {
        "children": [
          {
            "atomic_token": "}",
            "id": 0,
            "index_in_parent_array": 0,
            "kind": "number",
            "metrics": {}
          }
        ],
        "id": 0,
        "index_in_parent_array": 5,
        "kind": "array",
        "metrics": {
          "array_len": 1
        }
      },
      {
        "children": [
          {
            "atomic_token": "",
            "id": 0,
            "index_in_parent_array": 0,
            "kind": "number",
            "metrics": {}
          }
        ],
        "id": 0,
        "index_in_parent_array": 11,
        "kind": "array",
        "metrics": {
          "array_len": 1
        }
      }
    ],
    "gaps": [
      {
        "before_child_index": 2,
        "omitted_count": 2
      },
      {
        "before_child_index": 4,
        "omitted_count": 5
      }
    ],
    "id": 0,
    "kind": "array",
    "metrics": {
      "array_len": 12
    }
  },
  "selection": {
    "top_k": 9
  },
  "template": "text"
}
