---
source: tests/code_text_fallback_param.rs
assertion_line: 164
expression: err_dbg
---
{
  "counts": {
    "included": 0,
    "omitted_children": 10,
    "total_nodes": 0
  },
  "output_stats": {
    "bytes": 114,
    "lines": 6
  },
  "renderer": {
    "style": "detailed",
    "template": "text"
  },
  "root": {
    "children_len": 3,
    "fileset_root": null,
    "gaps_len": 2,
    "kind": "array",
    "metrics": {
      "array_len": 13
    }
  },
  "selection": {
    "top_k": 6
  },
  "template": "text"
}
