---
source: tests/code_text_fallback_param.rs
assertion_line: 155
expression: snap
---
STDOUT:
package main
… 6 more lines …
… 5 more lines …
… 13 more lines …

DEBUG (normalized):
{
  "counts": {
    "included": 0,
    "omitted_children": 12,
    "total_nodes": 0
  },
  "output_stats": {
    "bytes": 77,
    "lines": 5
  },
  "renderer": {
    "style": "detailed",
    "template": "text"
  },
  "root": {
    "children_len": 3,
    "fileset_root": null,
    "gaps_len": 2,
    "kind": "array",
    "metrics": {
      "array_len": 15
    }
  },
  "selection": {
    "top_k": 5
  },
  "template": "text"
}

