---
source: tests/code_text_fallback_param.rs
expression: snap
---
STDOUT:
package main
…
func compute(n int) int {
  …
  …
  …
  …

  …

DEBUG (normalized):
{
  "budgets_effective": {
    "bytes": 120,
    "chars": null,
    "lines": null
  },
  "counts": {
    "included": 0,
    "omitted_children": 14,
    "total_nodes": 0
  },
  "output_stats": {
    "bytes": 74,
    "chars": 0,
    "lines": 10
  },
  "renderer": {
    "array_sampler": "default",
    "prefer_tail_arrays": false,
    "style": "default",
    "template": "text"
  },
  "root": {
    "children": [
      {
        "children": [
          {
            "atomic_token": "package main",
            "id": 0,
            "index_in_parent_array": 0,
            "kind": "string",
            "metrics": {}
          }
        ],
        "id": 0,
        "index_in_parent_array": 0,
        "kind": "array",
        "metrics": {
          "array_len": 1
        }
      },
      {
        "children": [
          {
            "atomic_token": "func compute(n int) int {",
            "id": 0,
            "index_in_parent_array": 0,
            "kind": "string",
            "metrics": {}
          },
          {
            "id": 0,
            "index_in_parent_array": 2,
            "kind": "array",
            "metrics": {
              "array_len": 4
            }
          },
          {
            "id": 0,
            "index_in_parent_array": 4,
            "kind": "array",
            "metrics": {
              "array_len": 1
            }
          }
        ],
        "gaps": [
          {
            "before_child_index": 1,
            "omitted_count": 1
          },
          {
            "before_child_index": 2,
            "omitted_count": 1
          }
        ],
        "id": 0,
        "index_in_parent_array": 7,
        "kind": "array",
        "metrics": {
          "array_len": 5
        }
      },
      {
        "children": [
          {
            "atomic_token": "",
            "id": 0,
            "index_in_parent_array": 0,
            "kind": "string",
            "metrics": {}
          }
        ],
        "id": 0,
        "index_in_parent_array": 14,
        "kind": "array",
        "metrics": {
          "array_len": 1
        }
      }
    ],
    "gaps": [
      {
        "before_child_index": 1,
        "omitted_count": 6
      },
      {
        "before_child_index": 2,
        "omitted_count": 6
      }
    ],
    "id": 0,
    "kind": "array",
    "metrics": {
      "array_len": 15
    }
  },
  "selection": {
    "top_k": 9
  },
  "template": "text"
}
