---
source: tests/code_text_fallback_param.rs
expression: snap
---
STDOUT:
 1: #!/usr/bin/env bash
 2: 
 3: greet() {
19: }
20: 
21: main() {
22:   greet "world"
32: main "$@"
33: 

DEBUG (normalized):
{
  "budgets_effective": {
    "bytes": 120,
    "chars": null,
    "lines": null
  },
  "counts": {
    "included": 0,
    "omitted_children": 4,
    "total_nodes": 0
  },
  "output_stats": {
    "bytes": 106,
    "chars": 0,
    "lines": 10
  },
  "renderer": {
    "array_sampler": "default",
    "prefer_tail_arrays": false,
    "style": "default",
    "template": "code"
  },
  "root": {
    "children": [
      {
        "children": [
          {
            "atomic_token": "#!/usr/bin/env bash",
            "id": 0,
            "index_in_parent_array": 0,
            "kind": "string",
            "metrics": {}
          }
        ],
        "id": 0,
        "index_in_parent_array": 0,
        "kind": "array",
        "metrics": {
          "array_len": 1
        }
      },
      {
        "children": [
          {
            "atomic_token": "",
            "id": 0,
            "index_in_parent_array": 1,
            "kind": "string",
            "metrics": {}
          }
        ],
        "id": 0,
        "index_in_parent_array": 1,
        "kind": "array",
        "metrics": {
          "array_len": 1
        },
        "omitted_before": 1
      },
      {
        "children": [
          {
            "atomic_token": "greet() {",
            "id": 0,
            "index_in_parent_array": 2,
            "kind": "string",
            "metrics": {}
          },
          {
            "id": 0,
            "index_in_parent_array": 3,
            "kind": "array",
            "metrics": {
              "array_len": 1
            }
          },
          {
            "id": 0,
            "index_in_parent_array": 4,
            "kind": "array",
            "metrics": {
              "array_len": 1
            }
          }
        ],
        "id": 0,
        "index_in_parent_array": 2,
        "kind": "array",
        "metrics": {
          "array_len": 3
        },
        "omitted_before": 2
      },
      {
        "id": 0,
        "index_in_parent_array": 5,
        "kind": "array",
        "metrics": {
          "array_len": 6
        }
      },
      {
        "children": [
          {
            "atomic_token": "}",
            "id": 0,
            "index_in_parent_array": 18,
            "kind": "string",
            "metrics": {}
          }
        ],
        "id": 0,
        "index_in_parent_array": 6,
        "kind": "array",
        "metrics": {
          "array_len": 1
        },
        "omitted_before": 18
      },
      {
        "children": [
          {
            "atomic_token": "",
            "id": 0,
            "index_in_parent_array": 19,
            "kind": "string",
            "metrics": {}
          }
        ],
        "id": 0,
        "index_in_parent_array": 7,
        "kind": "array",
        "metrics": {
          "array_len": 1
        },
        "omitted_before": 19
      },
      {
        "children": [
          {
            "atomic_token": "main() {",
            "id": 0,
            "index_in_parent_array": 20,
            "kind": "string",
            "metrics": {}
          },
          {
            "children": [
              {
                "atomic_token": "  greet \"world\"",
                "id": 0,
                "index_in_parent_array": 21,
                "kind": "string",
                "metrics": {}
              }
            ],
            "id": 0,
            "index_in_parent_array": 21,
            "kind": "array",
            "metrics": {
              "array_len": 1
            },
            "omitted_before": 21
          }
        ],
        "id": 0,
        "index_in_parent_array": 8,
        "kind": "array",
        "metrics": {
          "array_len": 2
        },
        "omitted_before": 20
      },
      {
        "id": 0,
        "index_in_parent_array": 9,
        "kind": "array",
        "metrics": {
          "array_len": 3
        }
      },
      {
        "id": 0,
        "index_in_parent_array": 12,
        "kind": "array",
        "metrics": {
          "array_len": 1
        }
      },
      {
        "children": [
          {
            "atomic_token": "main \"$@\"",
            "id": 0,
            "index_in_parent_array": 31,
            "kind": "string",
            "metrics": {}
          }
        ],
        "id": 0,
        "index_in_parent_array": 13,
        "kind": "array",
        "metrics": {
          "array_len": 1
        },
        "omitted_before": 31
      },
      {
        "children": [
          {
            "atomic_token": "",
            "id": 0,
            "index_in_parent_array": 32,
            "kind": "string",
            "metrics": {}
          }
        ],
        "id": 0,
        "index_in_parent_array": 14,
        "kind": "array",
        "metrics": {
          "array_len": 1
        },
        "omitted_before": 32
      }
    ],
    "gaps": [
      {
        "before_child_index": 3,
        "omitted_count": 2
      },
      {
        "before_child_index": 8,
        "omitted_count": 2
      }
    ],
    "id": 0,
    "kind": "array",
    "metrics": {
      "array_len": 15
    }
  },
  "selection": {
    "top_k": 24
  },
  "template": "code"
}
