---
source: tests/code_text_fallback_param.rs
assertion_line: 155
expression: snap
---
STDOUT:
public class Sample {
    static void greet(String name) {
    }

        for (int i = 0; i < 3; i++) {

DEBUG (normalized):
{
  "counts": {
    "included": 0,
    "omitted_children": 4,
    "total_nodes": 0
  },
  "output_stats": {
    "bytes": 105,
    "lines": 7
  },
  "renderer": {
    "style": "strict",
    "template": "text"
  },
  "root": {
    "children_len": 3,
    "fileset_root": null,
    "gaps_len": 2,
    "kind": "array",
    "metrics": {
      "array_len": 7
    }
  },
  "selection": {
    "top_k": 16
  },
  "template": "text"
}

