---
source: tests/code_text_fallback_param.rs
assertion_line: 155
expression: snap
---
STDOUT:
public class Sample {
    static void greet(String name) {
    …
    }
    …

  …
  …

  …

DEBUG (normalized):
{
  "counts": {
    "included": 0,
    "omitted_children": 4,
    "total_nodes": 0
  },
  "output_stats": {
    "bytes": 101,
    "lines": 11
  },
  "renderer": {
    "style": "default",
    "template": "text"
  },
  "root": {
    "children_len": 3,
    "fileset_root": null,
    "gaps_len": 2,
    "kind": "array",
    "metrics": {
      "array_len": 7
    }
  },
  "selection": {
    "top_k": 13
  },
  "template": "text"
}

