---
source: tests/code_text_fallback_param.rs
expression: snap
---
STDOUT:
#include <iostream>

…
}

int main() {
    greet("world");
…
    …
}

    …

DEBUG (normalized):
{
  "budgets_effective": {
    "bytes": 120,
    "chars": null,
    "lines": null
  },
  "counts": {
    "included": 0,
    "omitted_children": 0,
    "total_nodes": 0
  },
  "output_stats": {
    "bytes": 84,
    "chars": 0,
    "lines": 13
  },
  "renderer": {
    "array_sampler": "default",
    "prefer_tail_arrays": false,
    "style": "default",
    "template": "text"
  },
  "root": {
    "children": [
      {
        "children": [
          {
            "atomic_token": "#include <iostream>",
            "id": 0,
            "index_in_parent_array": 0,
            "kind": "number",
            "metrics": {}
          }
        ],
        "id": 0,
        "index_in_parent_array": 0,
        "kind": "array",
        "metrics": {
          "array_len": 1
        }
      },
      {
        "children": [
          {
            "atomic_token": "",
            "id": 0,
            "index_in_parent_array": 0,
            "kind": "number",
            "metrics": {}
          }
        ],
        "id": 0,
        "index_in_parent_array": 1,
        "kind": "array",
        "metrics": {
          "array_len": 1
        }
      },
      {
        "id": 0,
        "index_in_parent_array": 2,
        "kind": "array",
        "metrics": {
          "array_len": 2
        }
      },
      {
        "children": [
          {
            "atomic_token": "}",
            "id": 0,
            "index_in_parent_array": 0,
            "kind": "number",
            "metrics": {}
          }
        ],
        "id": 0,
        "index_in_parent_array": 3,
        "kind": "array",
        "metrics": {
          "array_len": 1
        }
      },
      {
        "children": [
          {
            "atomic_token": "",
            "id": 0,
            "index_in_parent_array": 0,
            "kind": "number",
            "metrics": {}
          }
        ],
        "id": 0,
        "index_in_parent_array": 4,
        "kind": "array",
        "metrics": {
          "array_len": 1
        }
      },
      {
        "children": [
          {
            "atomic_token": "int main() {",
            "id": 0,
            "index_in_parent_array": 0,
            "kind": "number",
            "metrics": {}
          },
          {
            "children": [
              {
                "atomic_token": "    greet(\"world\");",
                "id": 0,
                "index_in_parent_array": 0,
                "kind": "number",
                "metrics": {}
              }
            ],
            "id": 0,
            "index_in_parent_array": 1,
            "kind": "array",
            "metrics": {
              "array_len": 1
            }
          }
        ],
        "id": 0,
        "index_in_parent_array": 5,
        "kind": "array",
        "metrics": {
          "array_len": 2
        }
      },
      {
        "id": 0,
        "index_in_parent_array": 6,
        "kind": "array",
        "metrics": {
          "array_len": 3
        }
      },
      {
        "id": 0,
        "index_in_parent_array": 7,
        "kind": "array",
        "metrics": {
          "array_len": 2
        }
      },
      {
        "children": [
          {
            "atomic_token": "}",
            "id": 0,
            "index_in_parent_array": 0,
            "kind": "number",
            "metrics": {}
          }
        ],
        "id": 0,
        "index_in_parent_array": 8,
        "kind": "array",
        "metrics": {
          "array_len": 1
        }
      },
      {
        "children": [
          {
            "atomic_token": "",
            "id": 0,
            "index_in_parent_array": 0,
            "kind": "number",
            "metrics": {}
          }
        ],
        "id": 0,
        "index_in_parent_array": 9,
        "kind": "array",
        "metrics": {
          "array_len": 1
        }
      }
    ],
    "id": 0,
    "kind": "array",
    "metrics": {
      "array_len": 10
    }
  },
  "selection": {
    "top_k": 20
  },
  "template": "text"
}
