---
source: tests/code_text_fallback_param.rs
assertion_line: 164
expression: err_dbg
---
{
  "counts": {
    "included": 0,
    "omitted_children": 0,
    "total_nodes": 0
  },
  "output_stats": {
    "bytes": 84,
    "lines": 13
  },
  "renderer": {
    "style": "default",
    "template": "text"
  },
  "root": {
    "children_len": 10,
    "fileset_root": null,
    "gaps_len": 0,
    "kind": "array",
    "metrics": {
      "array_len": 10
    }
  },
  "selection": {
    "top_k": 20
  },
  "template": "text"
}
