---
source: tests/code_text_fallback_param.rs
assertion_line: 155
expression: snap
---
STDOUT:
#!/usr/bin/env bash
… 1 more lines …
… 5 more lines …

… 6 more lines …

… 11 more lines …

DEBUG (normalized):
{
  "counts": {
    "included": 0,
    "omitted_children": 10,
    "total_nodes": 0
  },
  "output_stats": {
    "bytes": 107,
    "lines": 8
  },
  "renderer": {
    "style": "detailed",
    "template": "text"
  },
  "root": {
    "children_len": 5,
    "fileset_root": null,
    "gaps_len": 2,
    "kind": "array",
    "metrics": {
      "array_len": 15
    }
  },
  "selection": {
    "top_k": 9
  },
  "template": "text"
}

