---
source: tests/code_text_fallback_param.rs
expression: snap
---
STDOUT:
package main
… 6 more lines …
… 13 more lines …

DEBUG (normalized):
{
  "budgets_effective": {
    "bytes": 120,
    "chars": null,
    "lines": null
  },
  "counts": {
    "included": 0,
    "omitted_children": 12,
    "total_nodes": 0
  },
  "output_stats": {
    "bytes": 56,
    "chars": 0,
    "lines": 4
  },
  "renderer": {
    "array_sampler": "default",
    "prefer_tail_arrays": false,
    "style": "detailed",
    "template": "text"
  },
  "root": {
    "children": [
      {
        "children": [
          {
            "atomic_token": "package main",
            "id": 0,
            "index_in_parent_array": 0,
            "kind": "string",
            "metrics": {}
          }
        ],
        "id": 0,
        "index_in_parent_array": 0,
        "kind": "array",
        "metrics": {
          "array_len": 1
        }
      },
      {
        "id": 0,
        "index_in_parent_array": 7,
        "kind": "array",
        "metrics": {
          "array_len": 5
        }
      },
      {
        "id": 0,
        "index_in_parent_array": 14,
        "kind": "array",
        "metrics": {
          "array_len": 1
        }
      }
    ],
    "gaps": [
      {
        "before_child_index": 1,
        "omitted_count": 6
      },
      {
        "before_child_index": 2,
        "omitted_count": 6
      }
    ],
    "id": 0,
    "kind": "array",
    "metrics": {
      "array_len": 15
    }
  },
  "selection": {
    "top_k": 5
  },
  "template": "text"
}
