---
source: tests/code_text_fallback_param.rs
expression: snap
---
STDOUT:
 1: #!/usr/bin/env bash
 2: 
 … 4 more lines …
19: }
20: 
 … 5 more lines …
33: 
 … 9 more lines …

DEBUG (normalized):
{
  "budgets_effective": {
    "bytes": 120,
    "chars": null,
    "lines": null
  },
  "counts": {
    "included": 0,
    "omitted_children": 8,
    "total_nodes": 0
  },
  "output_stats": {
    "bytes": 111,
    "chars": 0,
    "lines": 9
  },
  "renderer": {
    "array_sampler": "default",
    "prefer_tail_arrays": false,
    "style": "detailed",
    "template": "text"
  },
  "root": {
    "children": [
      {
        "children": [
          {
            "atomic_token": "#!/usr/bin/env bash",
            "id": 0,
            "index_in_parent_array": 0,
            "kind": "string",
            "metrics": {}
          }
        ],
        "id": 0,
        "index_in_parent_array": 0,
        "kind": "array",
        "metrics": {
          "array_len": 1
        }
      },
      {
        "children": [
          {
            "atomic_token": "",
            "id": 0,
            "index_in_parent_array": 1,
            "kind": "string",
            "metrics": {}
          }
        ],
        "id": 0,
        "index_in_parent_array": 1,
        "kind": "array",
        "metrics": {
          "array_len": 1
        },
        "omitted_before": 1
      },
      {
        "children": [
          {
            "atomic_token": "}",
            "id": 0,
            "index_in_parent_array": 18,
            "kind": "string",
            "metrics": {}
          }
        ],
        "id": 0,
        "index_in_parent_array": 6,
        "kind": "array",
        "metrics": {
          "array_len": 1
        },
        "omitted_before": 18
      },
      {
        "children": [
          {
            "atomic_token": "",
            "id": 0,
            "index_in_parent_array": 19,
            "kind": "string",
            "metrics": {}
          }
        ],
        "id": 0,
        "index_in_parent_array": 7,
        "kind": "array",
        "metrics": {
          "array_len": 1
        },
        "omitted_before": 19
      },
      {
        "id": 0,
        "index_in_parent_array": 8,
        "kind": "array",
        "metrics": {
          "array_len": 2
        }
      },
      {
        "id": 0,
        "index_in_parent_array": 13,
        "kind": "array",
        "metrics": {
          "array_len": 1
        }
      },
      {
        "children": [
          {
            "atomic_token": "",
            "id": 0,
            "index_in_parent_array": 32,
            "kind": "string",
            "metrics": {}
          }
        ],
        "id": 0,
        "index_in_parent_array": 14,
        "kind": "array",
        "metrics": {
          "array_len": 1
        },
        "omitted_before": 32
      }
    ],
    "gaps": [
      {
        "before_child_index": 2,
        "omitted_count": 4
      },
      {
        "before_child_index": 5,
        "omitted_count": 4
      }
    ],
    "id": 0,
    "kind": "array",
    "metrics": {
      "array_len": 15
    }
  },
  "selection": {
    "top_k": 13
  },
  "template": "text"
}
