---
source: tests/code_text_fallback_param.rs
assertion_line: 155
expression: snap
---
STDOUT:
function greet(name: string) {
  console.log(`Hello, ${name}`);
  …
function main(): void {
  …
  …

  …

DEBUG (normalized):
{
  "counts": {
    "included": 0,
    "omitted_children": 10,
    "total_nodes": 0
  },
  "output_stats": {
    "bytes": 113,
    "lines": 9
  },
  "renderer": {
    "style": "default",
    "template": "text"
  },
  "root": {
    "children_len": 3,
    "fileset_root": null,
    "gaps_len": 2,
    "kind": "array",
    "metrics": {
      "array_len": 13
    }
  },
  "selection": {
    "top_k": 10
  },
  "template": "text"
}

