---
source: tests/code_text_fallback_param.rs
assertion_line: 164
expression: err_dbg
---
{
  "counts": {
    "included": 0,
    "omitted_children": 15,
    "total_nodes": 0
  },
  "output_stats": {
    "bytes": 118,
    "lines": 8
  },
  "renderer": {
    "style": "strict",
    "template": "text"
  },
  "root": {
    "children_len": 3,
    "fileset_root": null,
    "gaps_len": 2,
    "kind": "array",
    "metrics": {
      "array_len": 15
    }
  },
  "selection": {
    "top_k": 16
  },
  "template": "text"
}
