---
source: tests/code_text_fallback_param.rs
expression: snap
---
STDOUT:
 1: #!/usr/bin/env bash
 2: 
 3: greet() {
 4:   local name="$1"
 5:   echo "Hello, ${name}"
31: 
32: main "$@"
33: 

DEBUG (normalized):
{
  "budgets_effective": {
    "bytes": 120,
    "chars": null,
    "lines": null
  },
  "counts": {
    "included": 0,
    "omitted_children": 7,
    "total_nodes": 0
  },
  "output_stats": {
    "bytes": 117,
    "chars": 0,
    "lines": 9
  },
  "renderer": {
    "array_sampler": "default",
    "prefer_tail_arrays": false,
    "style": "default",
    "template": "code"
  },
  "root": {
    "children": [
      {
        "children": [
          {
            "atomic_token": "#!/usr/bin/env bash",
            "id": 0,
            "index_in_parent_array": 0,
            "kind": "string",
            "metrics": {}
          }
        ],
        "id": 0,
        "index_in_parent_array": 0,
        "kind": "array",
        "metrics": {
          "array_len": 1
        }
      },
      {
        "children": [
          {
            "atomic_token": "",
            "id": 0,
            "index_in_parent_array": 1,
            "kind": "string",
            "metrics": {}
          }
        ],
        "id": 0,
        "index_in_parent_array": 1,
        "kind": "array",
        "metrics": {
          "array_len": 1
        },
        "omitted_before": 1
      },
      {
        "children": [
          {
            "atomic_token": "greet() {",
            "id": 0,
            "index_in_parent_array": 2,
            "kind": "string",
            "metrics": {}
          },
          {
            "children": [
              {
                "atomic_token": "  local name=\"$1\"",
                "id": 0,
                "index_in_parent_array": 3,
                "kind": "string",
                "metrics": {}
              }
            ],
            "id": 0,
            "index_in_parent_array": 3,
            "kind": "array",
            "metrics": {
              "array_len": 1
            },
            "omitted_before": 3
          },
          {
            "children": [
              {
                "atomic_token": "  echo \"Hello, ${name}\"",
                "id": 0,
                "index_in_parent_array": 4,
                "kind": "string",
                "metrics": {}
              }
            ],
            "id": 0,
            "index_in_parent_array": 4,
            "kind": "array",
            "metrics": {
              "array_len": 1
            },
            "omitted_before": 4
          }
        ],
        "id": 0,
        "index_in_parent_array": 2,
        "kind": "array",
        "metrics": {
          "array_len": 3
        },
        "omitted_before": 2
      },
      {
        "id": 0,
        "index_in_parent_array": 3,
        "kind": "array",
        "metrics": {
          "array_len": 1
        }
      },
      {
        "id": 0,
        "index_in_parent_array": 11,
        "kind": "array",
        "metrics": {
          "array_len": 1
        }
      },
      {
        "children": [
          {
            "atomic_token": "",
            "id": 0,
            "index_in_parent_array": 30,
            "kind": "string",
            "metrics": {}
          }
        ],
        "id": 0,
        "index_in_parent_array": 12,
        "kind": "array",
        "metrics": {
          "array_len": 1
        },
        "omitted_before": 30
      },
      {
        "children": [
          {
            "atomic_token": "main \"$@\"",
            "id": 0,
            "index_in_parent_array": 31,
            "kind": "string",
            "metrics": {}
          }
        ],
        "id": 0,
        "index_in_parent_array": 13,
        "kind": "array",
        "metrics": {
          "array_len": 1
        },
        "omitted_before": 31
      },
      {
        "children": [
          {
            "atomic_token": "",
            "id": 0,
            "index_in_parent_array": 32,
            "kind": "string",
            "metrics": {}
          }
        ],
        "id": 0,
        "index_in_parent_array": 14,
        "kind": "array",
        "metrics": {
          "array_len": 1
        },
        "omitted_before": 32
      }
    ],
    "gaps": [
      {
        "before_child_index": 4,
        "omitted_count": 7
      }
    ],
    "id": 0,
    "kind": "array",
    "metrics": {
      "array_len": 15
    }
  },
  "selection": {
    "top_k": 19
  },
  "template": "code"
}
