---
source: tests/code_text_fallback_param.rs
expression: snap
---
STDOUT:
 1: public class Sample {
  …
  …
  …
  …
20: 
  …
  …
29: 
  …

DEBUG (normalized):
{
  "budgets_effective": {
    "bytes": 120,
    "chars": null,
    "lines": null
  },
  "counts": {
    "included": 0,
    "omitted_children": 4,
    "total_nodes": 0
  },
  "output_stats": {
    "bytes": 78,
    "chars": 0,
    "lines": 11
  },
  "renderer": {
    "array_sampler": "default",
    "prefer_tail_arrays": false,
    "style": "default",
    "template": "code"
  },
  "root": {
    "children": [
      {
        "children": [
          {
            "atomic_token": "public class Sample {",
            "id": 0,
            "index_in_parent_array": 0,
            "kind": "string",
            "metrics": {}
          },
          {
            "id": 0,
            "index_in_parent_array": 1,
            "kind": "array",
            "metrics": {
              "array_len": 2
            }
          },
          {
            "id": 0,
            "index_in_parent_array": 3,
            "kind": "array",
            "metrics": {
              "array_len": 1
            }
          }
        ],
        "gaps": [
          {
            "before_child_index": 2,
            "omitted_count": 1
          }
        ],
        "id": 0,
        "index_in_parent_array": 0,
        "kind": "array",
        "metrics": {
          "array_len": 3
        }
      },
      {
        "children": [
          {
            "atomic_token": "",
            "id": 0,
            "index_in_parent_array": 19,
            "kind": "string",
            "metrics": {}
          },
          {
            "id": 0,
            "index_in_parent_array": 20,
            "kind": "array",
            "metrics": {
              "array_len": 3
            }
          }
        ],
        "id": 0,
        "index_in_parent_array": 3,
        "kind": "array",
        "metrics": {
          "array_len": 2
        },
        "omitted_before": 19
      },
      {
        "children": [
          {
            "atomic_token": "",
            "id": 0,
            "index_in_parent_array": 28,
            "kind": "string",
            "metrics": {}
          }
        ],
        "id": 0,
        "index_in_parent_array": 6,
        "kind": "array",
        "metrics": {
          "array_len": 1
        },
        "omitted_before": 28
      }
    ],
    "gaps": [
      {
        "before_child_index": 1,
        "omitted_count": 2
      },
      {
        "before_child_index": 2,
        "omitted_count": 2
      }
    ],
    "id": 0,
    "kind": "array",
    "metrics": {
      "array_len": 7
    }
  },
  "selection": {
    "top_k": 10
  },
  "template": "code"
}
