---
source: tests/code_text_fallback_param.rs
expression: snap
---
STDOUT:
public class Sample {
    static void greet(String name) {
    }

        for (int i = 0; i < 3; i++) {

DEBUG (normalized):
{
  "budgets_effective": {
    "bytes": 120,
    "chars": null,
    "lines": null
  },
  "counts": {
    "included": 0,
    "omitted_children": 4,
    "total_nodes": 0
  },
  "output_stats": {
    "bytes": 105,
    "chars": 0,
    "lines": 7
  },
  "renderer": {
    "array_sampler": "default",
    "prefer_tail_arrays": false,
    "style": "strict",
    "template": "text"
  },
  "root": {
    "children": [
      {
        "children": [
          {
            "atomic_token": "public class Sample {",
            "id": 0,
            "index_in_parent_array": 0,
            "kind": "number",
            "metrics": {}
          },
          {
            "children": [
              {
                "atomic_token": "    static void greet(String name) {",
                "id": 0,
                "index_in_parent_array": 0,
                "kind": "number",
                "metrics": {}
              },
              {
                "id": 0,
                "index_in_parent_array": 1,
                "kind": "array",
                "metrics": {
                  "array_len": 1
                }
              }
            ],
            "id": 0,
            "index_in_parent_array": 1,
            "kind": "array",
            "metrics": {
              "array_len": 2
            }
          },
          {
            "children": [
              {
                "atomic_token": "    }",
                "id": 0,
                "index_in_parent_array": 0,
                "kind": "number",
                "metrics": {}
              }
            ],
            "id": 0,
            "index_in_parent_array": 2,
            "kind": "array",
            "metrics": {
              "array_len": 1
            }
          }
        ],
        "id": 0,
        "index_in_parent_array": 0,
        "kind": "array",
        "metrics": {
          "array_len": 3
        }
      },
      {
        "children": [
          {
            "atomic_token": "",
            "id": 0,
            "index_in_parent_array": 0,
            "kind": "number",
            "metrics": {}
          },
          {
            "children": [
              {
                "atomic_token": "        for (int i = 0; i < 3; i++) {",
                "id": 0,
                "index_in_parent_array": 0,
                "kind": "number",
                "metrics": {}
              },
              {
                "id": 0,
                "index_in_parent_array": 1,
                "kind": "array",
                "metrics": {
                  "array_len": 1
                }
              },
              {
                "id": 0,
                "index_in_parent_array": 2,
                "kind": "array",
                "metrics": {
                  "array_len": 1
                }
              }
            ],
            "id": 0,
            "index_in_parent_array": 1,
            "kind": "array",
            "metrics": {
              "array_len": 3
            }
          }
        ],
        "id": 0,
        "index_in_parent_array": 3,
        "kind": "array",
        "metrics": {
          "array_len": 2
        }
      },
      {
        "children": [
          {
            "atomic_token": "",
            "id": 0,
            "index_in_parent_array": 0,
            "kind": "number",
            "metrics": {}
          }
        ],
        "id": 0,
        "index_in_parent_array": 6,
        "kind": "array",
        "metrics": {
          "array_len": 1
        }
      }
    ],
    "gaps": [
      {
        "before_child_index": 1,
        "omitted_count": 2
      },
      {
        "before_child_index": 2,
        "omitted_count": 2
      }
    ],
    "id": 0,
    "kind": "array",
    "metrics": {
      "array_len": 7
    }
  },
  "selection": {
    "top_k": 16
  },
  "template": "text"
}
