---
source: tests/e2e_head.rs
expression: stdout
---
{
  "meta": {
    "next": null,
    "page": 1,
    "pageSize": 20,
    "tags": [
      "alpha",
      …
      "gamma",
      …
      "epsilon"
      …
    ]
  },
  "users": [
    {
      "id": 1,
      "name": "Alice Wonderland",
      "profile": {
        "bio": "Lorem ipsum dolor sit amet, consectetur adipiscing elit. Sed do eiusmod tempor incid…",
        "social": {
          "github": "alice",
          "twitter": "@alice",
          "web": "https://example.com/users/alice"
        }
      },
      "roles": [
        "admin",
        "editor",
        "viewer"
      ]
    },
    {
      "id": 2,
      "name": "Bob Builder",
      "profile": {
        "bio": "Ut enim ad minim veniam, quis nostrud exercitation ullamco laboris nisi ut aliquip e…",
        "social": {
          "github": "bobbuilder",
          "twitter": "@buildWithBob",
          "web": "https://bob.example.org"
        }
      },
      "roles": [
        "contributor",
        "viewer"
      ]
    }
  ]
}
