---
source: tests/e2e_tail.rs
expression: stdout
---
{
  "deep": [
    …,
    {
      "a": [
        {
          "b": [ … ]
        }
      ]
    }
  ],
  "matrix": [
    …,
    [
      …,
      9
    ]
  ],
  "objects": [
    …,
    {
      "k": "v3"
    }
  ],
  "strings": [
    …,
    "seve…"
  ]
}
