---
source: tests/fileset_js.rs
expression: out
---
// tests/fixtures/explicit/array_numbers_50.json
[
  0,
  /* 15 more items */
  16,
  /* 32 more items */
  49
  /* 23 more items */
];

// tests/fixtures/explicit/object_small.json
{
  "a": [
    1,
    2,
    3
  ],
  "b": {
    "c": 1,
    "d": 2
  }
};

// tests/fixtures/explicit/string_escaping.json
"quote \" and backslash \\ and newline \n and tab \t and null \u0000";
