---
source: tests/yaml_suite_snapshots.rs
expression: out_med
---
- dump: "- key: value\n- key: :value\n"
  emit: "- \"key\": value\n- \"key\": :value\n"
  from: "@perlpunk"
  json: "[\n  {\n    \"key\": \"value\"\n  },\n  {\n    \"key\": \":value\"\n…"
  name: Colon at the beginning of adjacent flow scalar
  tags: flow mapping scalar
  tree: "+STR\n +DOC\n  +SEQ\n   +MAP {}\n    =VAL \"key\n    =VAL :…"
  yaml: "- { \"key\":value }\n- { \"key\"::value }\n"
