---
source: tests/yaml_suite_snapshots.rs
expression: out_med
---
- fail: true
  from: "@perlpunk"
  name: Trailing comment in multiline plain scalar
  tags: comment error scalar
  tree: "+STR\n +DOC ---\n  +MAP\n   =VAL :plain\n   =VAL :a b\n"
  yaml: "---\nplain: a\n       b # end of scalar\n       c\n"
