---
source: tests/yaml_suite_snapshots.rs
expression: out_med
---
- emit: "---\nfoo: b…"
  from: "@ingydotne…"
  json: "{\n  \"foo\" …"
  name: Tabs that …
  tags: indent whi…
  tree: "+STR\n +DOC…"
  yaml: "foo:\n ———»…"
- emit: "---\nfoo: 1…"
  json: "{\n  \"foo\" …"
  tree: "+STR\n +DOC…"
  yaml: "foo: 1\n———…"
- emit: "---\nfoo: \"…"
  json: "{\n  \"foo\"…"
  tree: "+STR\n +DO…"
  yaml: "foo: \"bar…"
# 6 more items
