---
source: tests/yaml_suite_snapshots.rs
expression: out_med
---
- from: "http://www.yaml.org/spec/1.2/spec.html#id2786448"
  json: "{\n  \"First occurrence\": \"Foo\",\n  \"Second occurrence\": \"Foo\",\n  \"Override…"
  name: Spec Example 7.1. Alias Nodes
  tags: mapping spec alias
  tree: "+STR\n +DOC\n  +MAP\n   =VAL :First occurrence\n   =VAL &anchor :Foo\n   =VAL…"
  yaml: "First occurrence: &anchor Foo\nSecond occurrence: *anchor\nOverride ancho…"
