---
source: tests/yaml_suite_snapshots.rs
expression: out_med
---
- dump: "---\n- item: Super Hoop\n  quantity: 1\n- item: Ba…"
  from: "http://www.yaml.org/spec/1.2/spec.html#id27608…"
  json: "[\n  {\n    \"item\": \"Super Hoop\",\n    \"quantity\"…"
  name: Spec Example 2.12. Compact Nested Mapping
  tags: spec mapping sequence
  tree: "+STR\n +DOC ---\n  +SEQ\n   +MAP\n    =VAL :item\n …"
  yaml: "---\n# Products purchased\n- item    : Super Hoo…"
