---
source: tests/yaml_suite_snapshots.rs
expression: out_med
---
- emit: "1 leading \t…
  from: "@ingydotnet"
  json: "1 leading \t…
  name: Leading tabs …
  tags: double white…
  tree: "+STR\n +DOC\n …"
  yaml: "\"1 leading\n …"
- emit: "3 leading t…
  json: "3 leading t…
  tree: "+STR\n +DOC\n …"
  yaml: "\"3 leading\n …"
- emit: "6 leading t…
  json: "6 leading t…
  tree: "+STR\n +DOC\n …"
  yaml: "\"6 leading\n …"
# 3 more items
