---
source: tests/yaml_suite_snapshots.rs
expression: med
---
- emit: "1 leading \ttab"…
  from: "@ingydotnet"
  json: "1 leading \ttab"…
  name: Leading tabs in d…
  tags: double whitespace
  tree: "+STR\n +DOC\n  =VAL…"
  yaml: "\"1 leading\n    \\t…"
- emit: "\"3 leading tab\"\n"
  json: "\"3 leading tab\"\n"
  tree: "+STR\n +DOC\n  =VAL…"
  yaml: "\"3 leading\n    ——…"
- emit: "4 leading \t  ta…
  json: "4 leading \t  ta…
  tree: "+STR\n +DOC\n  =VAL…"
  yaml: "\"4 leading\n    \\t…"
- emit: "\"6 leading tab\"\n"
  json: "\"6 leading tab\"\n"
  tree: "+STR\n +DOC\n  =VAL…"
  yaml: "\"6 leading\n    —…"
# 2 more items
