---
source: tests/yaml_suite_snapshots.rs
expression: out_med
---
- dump: "\"top1\":\n  \"key1\": &alias1 scalar1\n'top2':\n  'key2': &…"
  from: "@perlpunk"
  json: "{\n  \"top1\": {\n    \"key1\": \"scalar1\"\n  },\n  \"top2\": {…"
  name: Whitespace around colon in mappings
  tags: alias mapping whitespace
  tree: "+STR\n +DOC\n  +MAP\n   =VAL \"top1\n   +MAP\n    =VAL \"ke…"
  yaml: "\"top1\" :␣\n  \"key1\" : &alias1 scalar1\n'top2' :␣\n  'ke…"
