---
source: tests/yaml_suite_snapshots.rs
expression: out_full
---
- fail: true
  from: "@perlpunk"
  name: Invalid comment after end of flow sequence
  tags: comment error flow sequence
  tree: "+STR\n +DOC ---\n  +SEQ []\n   =VAL :a\n   =VAL :b\n   =VAL :c\n  -SEQ\n"
  yaml: "---\n[ a, b, c, ]#invalid\n"
