---
source: tests/yaml_suite_snapshots.rs
expression: out_full
---
- emit: "---\nfoo: \"x\\n \\n\"\n"
  from: "@ingydotnet"
  json: "{\n  \"foo\" : \"x\\n \\n\"\n}\n"
  name: Trailing line of spaces
  tags: whitespace
  tree: "+STR\n +DOC\n  +MAP\n   =VAL :foo\n   =VAL |x\\n \\n\n  -MAP\n -DOC\n-STR\n"
  yaml: "foo: |\n  x\n␣␣␣\n"
- emit: "---\nfoo: \"x\\n \\n\"\n"
  json: "{\n  \"foo\" : \"x\\n \\n\"\n}\n"
  tree: "+STR\n +DOC\n  +MAP\n   =VAL :foo\n   =VAL |x\\n \\n\n  -MAP\n -DOC\n-STR\n"
  yaml: "foo: |\n  x\n␣␣␣∎\n"
