---
source: tests/yaml_suite_snapshots.rs
expression: out_med
---
- emit: "Document\n---\n...\n%YAML 1.2\n---\nmatches %: 20\n"
  from: "http://www.yaml.org/spec/1.2/spec.html#id2801896"
  json: "\"Document\"\nnull\n{\n  \"matches %\": 20\n}\n"
  name: Spec Example 9.6. Stream
  tags: spec header 1.3-err
  tree: "+STR\n +DOC\n  =VAL :Document\n -DOC\n +DOC ---\n  =VAL :\n -DOC ...\n +DOC…"
  yaml: "Document\n---\n# Empty\n...\n%YAML 1.2\n---\nmatches %: 20\n"
