---
source: tests/yaml_suite_snapshots.rs
expression: out_med
---
- dump: "!foo \"bar\"\n...\n--- !<tag:example.com,2000:app/foo> …"
  from: "http://www.yaml.org/spec/1.2/spec.html#id2782728"
  json: "\"bar\"\n\"bar\"\n"
  name: Spec Example 6.18. Primary Tag Handle
  tags: local-tag spec directive tag unknown-tag 1.3-err
  tree: "+STR\n +DOC\n  =VAL <!foo> \"bar\n -DOC ...\n +DOC ---\n…"
  yaml: "# Private\n!foo \"bar\"\n...\n# Global\n%TAG ! tag:examp…"
