---
source: tests/yaml_suite_snapshots.rs
expression: out_med
---
- from: "@ingydotnet"
  json: "1 inline\ttab"…
  name: Inline tabs in …
  tags: double whitespa…
  tree: "+STR\n +DOC\n  =V…"
  yaml: "1 inline\ttab"…
- dump: "2 inline\ttab"…
  json: "2 inline\ttab"…
  tree: "+STR\n +DOC\n  =V…"
  yaml: "2 inline\——»ta…
- dump: "3 inline\ttab"…
  json: "3 inline\ttab"…
  tree: "+STR\n +DOC\n  =V…"
  yaml: "3 inline———»ta…
