---
source: tests/yaml_suite_snapshots.rs
expression: out_med
---
- fail: true
  from: "@perlpunk"
  name: Comment without whitespace after doublequoted scalar
  tags: comment error double whitespace
  tree: "+STR\n +DOC\n  +MAP\n   =VAL :key\n   =VAL \"value\n"
  yaml: "key: \"value\"# invalid comment\n"
