---
source: tests/yaml_suite_snapshots.rs
expression: out_med
---
- fail: true
  from: "https://gist.github.com/anonymous/deeb1ace28d5bf21fb56d80c13e2dc69 via @ingydotnet"
  name: Comment in plain multiline value
  tags: error comment scalar
  tree: "+STR\n +DOC\n  +MAP\n   =VAL :key\n   =VAL :word1\n"
  yaml: "key: word1\n#  xxx\n  word2\n"
