---
source: tests/yaml_suite_snapshots.rs
expression: out_med
---
- dump: " 1st non-empty\n2nd non-empty 3rd non-…
  emit: --- " 1st non-empty\n2nd non-empty 3rd…
  from: "7A4E, modified for YAML 1.3"
  json: " 1st non-empty\n2nd non-empty 3rd non…
  name: Spec Example 7.6. Double Quoted Lines …
  tags: double spec scalar whitespace 1.3-mod
  tree: "+STR\n +DOC ---\n  =VAL \" 1st non-empty\\…"
  yaml: "---\n\" 1st non-empty\n\n 2nd non-empty␣\n …"
