---
source: tests/yaml_suite_snapshots.rs
expression: out_med
---
- emit: "\"foo\": \"bar\"\n"
  from: "@ingydotnet"
  json: "{\n  \"foo\": \"bar\"…"
  name: Flow mapping col…
  tags: flow mapping
  tree: "+STR\n +DOC\n  +MA…"
  yaml: "{\"foo\"\n: \"bar\"}\n"
- emit: "\"foo\": bar\n"
  tree: "+STR\n +DOC\n  +MA…"
  yaml: "{\"foo\"\n: bar}\n"
- emit: "foo: bar\n"
  json: "{\n  \"foo\": \"bar\"…"
  tree: "+STR\n +DOC\n  +MA…"
  yaml: "{foo\n: bar}\n"
