---
source: tests/yaml_suite_snapshots.rs
expression: out_full
---
- dump: "--- &sequence\n- a\n"
  from: "@perlpunk"
  json: "[\n  \"a\"\n]\n"
  name: Single block sequence with anchor and explicit document start
  tags: anchor header sequence
  tree: "+STR\n +DOC ---\n  +SEQ &sequence\n   =VAL :a\n  -SEQ\n -DOC\n-STR\n"
  yaml: "--- &sequence\n- a\n"
