---
source: tests/yaml_suite_snapshots.rs
expression: out_med
---
- dump: "- |\n  detected\n- >2\n\n\n  # detected\n- |2…"
  from: "http://www.yaml.org/spec/1.2/spec.html#…"
  json: "[\n  \"detected\\n\",\n  \"\\n\\n# detected\\n\",…"
  name: Spec Example 8.2. Block Indentation Ind…
  tags: spec literal folded scalar whitespace l…
  tree: "+STR\n +DOC\n  +SEQ\n   =VAL |detected\\n\n …"
  yaml: "- |\n detected\n- >\n␣\n␣␣\n  # detected\n- |…"
