---
source: tests/yaml_suite_snapshots.rs
expression: out_med
---
- fail: true
  from: "@perlpunk"
  name: Invalid scalar at the end of sequence
  tags: error mapping sequence
  tree: "+STR\n +DOC\n  +MAP\n   =VAL :key\n   +SEQ\n    =VAL :bar\n    =VAL :baz\n"
  yaml: "key:\n - bar\n - baz\n invalid\n"
