---
source: tests/yaml_suite_snapshots.rs
expression: out_med
---
- dump: "' 1st non-empty\n\n  2nd non-empty 3r…"
  emit: "' 1st non-empty\n\n  2nd non-empty 3r…"
  from: "http://www.yaml.org/spec/1.2/spec.h…"
  json: " 1st non-empty\n2nd non-empty 3rd …
  name: Spec Example 7.9. Single Quoted Lin…
  tags: single spec scalar whitespace upto-…
  tree: "+STR\n +DOC\n  =VAL ' 1st non-empty\\n…"
  yaml: "' 1st non-empty\n\n 2nd non-empty␣\n—…"
