---
source: tests/yaml_suite_snapshots.rs
expression: out_med
---
- dump: "1 trailing\t…
  from: "@ingydotnet"
  json: "1 trailing\t…
  name: Trailing tabs…
  tags: double whites…
  tree: "+STR\n +DOC\n  …"
  yaml: "1 trailing\t…
- dump: "3 trailing\t…
  json: "3 trailing\t…
  tree: "+STR\n +DOC\n  …"
  yaml: "3 trailing\—…
- dump: "6 trailing t…
  json: "6 trailing …
  tree: "+STR\n +DOC\n …"
  yaml: "6 trailing—…
# 3 more items
