---
source: tests/yaml_suite_snapshots.rs
expression: out_med
---
- dump: "- |\n  literal\n- >2\n   folded\n- |+\n  keep\n\n-…"
  from: "http://www.yaml.org/spec/1.2/spec.html#id27…"
  json: "[\n  \"literal\\n\",\n  \" folded\\n\",\n  \"keep\\n\\n…"
  name: Spec Example 8.1. Block Scalar Header
  tags: spec literal folded comment scalar
  tree: "+STR\n +DOC\n  +SEQ\n   =VAL |literal\\n\n   =V…"
  yaml: "- | # Empty header↓\n literal\n- >1 # Indent…"
