---
source: tests/yaml_suite_snapshots.rs
expression: out_med
---
- dump: "\"\\n\\nliteral\\n \\n\\ntext\\n\"\n"
  emit: "|\n\n\n  literal\n␣␣␣\n\n  text\n"
  from: "http://www.yaml.org/spec/1.2/spec…"
  json: "\"\\n\\nliteral\\n \\n\\ntext\\n\"\n"
  name: Spec Example 8.8. Literal Content
  tags: spec literal scalar comment white…
  tree: "+STR\n +DOC\n  =VAL |\\n\\nliteral\\n …"
  yaml: "|\n␣\n␣␣\n  literal\n␣␣␣\n␣␣\n  text\n\n…"
