---
source: tests/yaml_suite_snapshots.rs
expression: out_med
---
- dump: "\"implicit block key\":\n- \"implicit flow key\": v…"
  from: "http://www.yaml.org/spec/1.2/spec.html#id27874…"
  json: "{\n  \"implicit block key\": [\n    {\n      \"impli…"
  name: Spec Example 7.4. Double Quoted Implicit Keys
  tags: spec scalar flow
  tree: "+STR\n +DOC\n  +MAP\n   =VAL \"implicit block key\n…"
  yaml: "\"implicit block key\" : [\n  \"implicit flow key\"…"
