---
source: tests/yaml_suite_snapshots.rs
expression: out_med
---
- dump: "&flowseq\n- a: b\n- &c c: d\n- &e e: f\n- &g\n  g: h\n"
  from: "@perlpunk"
  json: "[\n  {\n    \"a\": \"b\"\n  },\n  {\n    \"c\": \"d\"\n  },\n  {\n   …"
  name: Various location of anchors in flow sequence
  tags: anchor flow mapping sequence
  tree: "+STR\n +DOC\n  +SEQ [] &flowseq\n   +MAP {}\n    =VAL :a\n…"
  yaml: "&flowseq [\n a: b,\n &c c: d,\n { &e e: f },\n &g { g: h…"
